******************************************************************************
                  TI ARM Linker Unix v16.9.6                   
******************************************************************************
>> Linked Wed Feb 21 13:00:22 2018

OUTPUT FILE NAME:   <empty_EK_TM4C123GXL_TI.out>
ENTRY POINT SYMBOL: "_c_int00"  address: 00003e3d


MEMORY CONFIGURATION

         name            origin    length      used     unused   attr    fill
----------------------  --------  ---------  --------  --------  ----  --------
  FLASH                 00000000   00040000  00007db8  00038248  R  X
  SRAM                  20000000   00008000  00003c99  00004367  RW X


SEGMENT ALLOCATION MAP

run origin  load origin   length   init length attrs members
----------  ----------- ---------- ----------- ----- -------
00000000    00000000    00007dc0   00007dc0    r-x
  00000000    00000000    0000003c   0000003c    r-- .resetVecs
  00000040    00000040    0000552a   0000552a    r-x .text
  0000556c    0000556c    00001dd2   00001dd2    r-- .const
  00007340    00007340    00000a80   00000a80    r-- .cinit
20000000    20000000    00003ca0   00000000    rw-
  20000000    20000000    00000360   00000000    rw- .vecs
  20000360    20000360    00002524   00000000    rw- .data
  20002888    20002888    00001115   00000000    rw- .bss
  200039a0    200039a0    00000300   00000000    rw- .stack


SECTION ALLOCATION MAP

 output                                  attributes/
section   page    origin      length       input sections
--------  ----  ----------  ----------   ----------------
.text      0    00000040    0000552a     
                  00000040    00000430     sysbios.aem4f : BIOS.obj (.text:ti_sysbios_family_arm_m3_Hwi_excDumpRegs__I)
                  00000470    0000034c     ti.targets.arm.rtsarm.aem4f : System.oem4f (.text:xdc_runtime_System_doPrint__I)
                  000007bc    00000320     empty.obj (.text:updateGLCD)
                  00000adc    00000004     driverlib.lib : timer.obj (.text:TimerIntClear)
                  00000ae0    000002c8     sysbios.aem4f : BIOS.obj (.text:ti_sysbios_knl_Semaphore_pend__E)
                  00000da8    00000258                   : BIOS.obj (.text:ti_sysbios_heaps_HeapMem_free__E)
                  00001000    00000248                   : BIOS.obj (.text:ti_sysbios_heaps_HeapMem_alloc__E)
                  00001248    00000214     empty.obj (.text:main)
                  0000145c    00000004     empty_pem4f.oem4f (.text:ti_sysbios_BIOS_RtsGateProxy_enter__E)
                  00001460    000001fc     sysbios.aem4f : BIOS.obj (.text:ti_sysbios_family_arm_m3_Hwi_excHandlerMax__I)
                  0000165c    00000004     empty_pem4f.oem4f (.text:ti_sysbios_BIOS_RtsGateProxy_leave__E)
                  00001660    00000174     sysbios.aem4f : BIOS.obj (.text:ti_sysbios_family_arm_m3_Hwi_excBusFault__I)
                  000017d4    00000004                   : BIOS.obj (.text:ti_sysbios_family_arm_lm4_Timer_masterEnable__I)
                  000017d8    00000164                   : BIOS.obj (.text:ti_sysbios_family_arm_m3_Hwi_excUsageFault__I)
                  0000193c    00000004     empty_pem4f.oem4f (.text:ti_sysbios_family_arm_m3_TaskSupport_Module__startupDone__S)
                  00001940    00000148     sysbios.aem4f : BIOS.obj (.text:ti_sysbios_family_arm_m3_Hwi_excMemFault__I)
                  00001a88    0000013c                   : BIOS.obj (.text:ti_sysbios_family_arm_lm4_Timer_start__E)
                  00001bc4    00000004     empty_pem4f.oem4f (.text:ti_sysbios_heaps_HeapMem_Module_GateProxy_enter__E)
                  00001bc8    0000013c     sysbios.aem4f : BIOS.obj (.text:ti_sysbios_heaps_HeapMem_Instance_init__E)
                  00001d04    00000130     driverlib.lib : gpio.obj (.text:GPIOPadConfigSet)
                  00001e34    00000118     ti.targets.arm.rtsarm.aem4f : Error.oem4f (.text:xdc_runtime_Error_policyDefault__E)
                  00001f4c    0000010c     driverlib.lib : sysctl.obj (.text:SysCtlClockGet)
                  00002058    00000104     empty.obj (.text:readSwitch)
                  0000215c    00000100     Boot.aem4f : Boot_sysctl.oem4f (.text:ti_catalog_arm_cortexm4_tiva_ce_Boot_sysCtlClockSetI__I)
                  0000225c    00000100     ti.targets.arm.rtsarm.aem4f : Core-mem.oem4f (.text:xdc_runtime_Core_createObject__I)
                  0000235c    000000f8                                 : Startup.oem4f (.text:xdc_runtime_Startup_startMods__I)
                  00002454    000000f8     empty_pem4f.oem4f (.text:xdc_runtime_System_printfExtend__I)
                  0000254c    000000f4     sysbios.aem4f : m3_Hwi_asm.obj (.text:ti_sysbios_family_arm_m3_Hwi_dispatch__I)
                  00002640    000000f0     driverlib.lib : sysctl.obj (.text:SysCtlClockSet)
                  00002730    000000ec     sysbios.aem4f : BIOS.obj (.text:ti_sysbios_knl_Semaphore_post__E)
                  0000281c    000000cc     ti.targets.arm.rtsarm.aem4f : Core-smem.oem4f (.text:xdc_runtime_Core_constructObject__I)
                  000028e8    000000bc     sysbios.aem4f : BIOS.obj (.text:ti_sysbios_family_arm_m3_Hwi_excDebugMon__I)
                  000029a4    00000004     empty_pem4f.oem4f (.text:ti_sysbios_heaps_HeapMem_Module_GateProxy_leave__E)
                  000029a8    000000bc     sysbios.aem4f : BIOS.obj (.text:ti_sysbios_family_arm_m3_Hwi_excHardFault__I)
                  00002a64    00000004     empty_pem4f.oem4f (.text:ti_sysbios_knl_Clock_TimerProxy_getMaxTicks__E)
                  00002a68    000000b4     sysbios.aem4f : BIOS.obj (.text:ti_sysbios_gates_GateMutex_enter__E)
                  00002b1c    00000004     empty_pem4f.oem4f (.text:ti_sysbios_knl_Queue_destruct)
                  00002b20    000000b4     sysbios.aem4f : BIOS.obj (.text:ti_sysbios_knl_Task_checkStacks__E)
                  00002bd4    00000004     empty_pem4f.oem4f (.text:ti_sysbios_knl_Semaphore_destruct)
                  00002bd8    000000ac     sysbios.aem4f : BIOS.obj (.text:ti_sysbios_family_arm_lm4_Timer_enableTiva__I)
                  00002c84    00000004     ti.targets.arm.rtsarm.aem4f : Error.oem4f (.text:xdc_runtime_Error_getSite__E)
                  00002c88    000000a8     sysbios.aem4f : BIOS.obj (.text:ti_sysbios_family_arm_lm4_Timer_enableTimers__I)
                  00002d30    000000a8                   : BIOS.obj (.text:ti_sysbios_knl_Task_postInit__I)
                  00002dd8    000000a0     auto_init.aem4f : auto_init.oem4f (.text)
                  00002e78    000000a0     ti.targets.arm.rtsarm.aem4f : Text.oem4f (.text:xdc_runtime_Text_putMod__E)
                  00002f18    0000009c     rtsv7M4_T_le_v4SPD16_eabi.lib : memcpy_t2.obj (.text)
                  00002fb4    00000004     empty_pem4f.oem4f (.text:xdc_runtime_System_Module_GateProxy_enter__E)
                  00002fb8    0000009c     sysbios.aem4f : BIOS.obj (.text:ti_sysbios_knl_Semaphore_Instance_init__E)
                  00003054    0000009a     ti.targets.arm.rtsarm.aem4f : Text.oem4f (.text:xdc_runtime_Text_putSite__E)
                  000030ee    00000002     rtsv7M4_T_le_v4SPD16_eabi.lib : i_div0.obj (.text)
                  000030f0    00000098     Boot.aem4f : Boot.oem4f (.text:ti_catalog_arm_cortexm4_tiva_ce_Boot_sysCtlClockSet__E)
                  00003188    00000094     sysbios.aem4f : BIOS.obj (.text:ti_sysbios_family_arm_m3_Hwi_initNVIC__E)
                  0000321c    0000008c                   : m3_TaskSupport_asm.obj (.text:ti_sysbios_family_arm_m3_TaskSupport_buildTaskStack)
                  000032a8    00000084                   : BIOS.obj (.text:ti_sysbios_family_arm_m3_Hwi_postInit__I)
                  0000332c    00000080     empty.obj (.text:readADC)
                  000033ac    0000007a     driverlib.lib : adc.obj (.text:ADCSequenceStepConfigure)
                  00003426    0000007a     rtsv7M4_T_le_v4SPD16_eabi.lib : memset_t2.obj (.text)
                  000034a0    00000078     empty.obj (.text:glcd_init)
                  00003518    00000070     sysbios.aem4f : BIOS.obj (.text:ti_sysbios_knl_Clock_workFunc__E)
                  00003588    00000070                   : BIOS.obj (.text:ti_sysbios_knl_Task_exit__E)
                  000035f8    0000006d     ti.targets.arm.rtsarm.aem4f : System.oem4f (.text:xdc_runtime_System_formatNum__I)
                  00003665    00000001     --HOLE-- [fill = 0]
                  00003666    00000002     empty_pem4f.oem4f (.text:ti_sysbios_BIOS_nullFunc__I)
                  00003668    0000006c     sysbios.aem4f : BIOS.obj (.text:ti_sysbios_knl_Swi_restoreHwi__E)
                  000036d4    0000006c     ti.targets.arm.rtsarm.aem4f : Error.oem4f (.text:xdc_runtime_Error_print__E)
                  00003740    0000006c                                 : Memory.oem4f (.text:xdc_runtime_Memory_alloc__E)
                  000037ac    00000068     rtsv7M4_T_le_v4SPD16_eabi.lib : copy_decompress_lzss.obj (.text:decompress:lzss)
                  00003814    00000068     empty.obj (.text:glcd_cmd)
                  0000387c    00000068     empty.obj (.text:glcd_data)
                  000038e4    00000068     rtsv7M4_T_le_v4SPD16_eabi.lib : trgmsg.obj (.text)
                  0000394c    00000066     ti.targets.arm.rtsarm.aem4f : Core-mem.oem4f (.text:xdc_runtime_Core_deleteObject__I)
                  000039b2    00000006     driverlib.lib : gpio.obj (.text:GPIOPinRead)
                  000039b8    00000064     sysbios.aem4f : BIOS.obj (.text:ti_sysbios_family_arm_lm4_Timer_Module_startup__E)
                  00003a1c    00000004     empty_pem4f.oem4f (.text:xdc_runtime_System_Module_GateProxy_leave__E)
                  00003a20    00000064     sysbios.aem4f : BIOS.obj (.text:ti_sysbios_family_arm_m3_Hwi_dispatchC__I)
                  00003a84    00000060     driverlib.lib : timer.obj (.text:TimerConfigure)
                  00003ae4    00000060     empty.obj (.text:Timer_ISR)
                  00003b44    00000004     ti.targets.arm.rtsarm.aem4f : System.oem4f (.text:xdc_runtime_System_aprintf_va__F)
                  00003b48    00000060     sysbios.aem4f : BIOS.obj (.text:ti_sysbios_family_arm_lm4_Timer_isrStub__E)
                  00003ba8    00000060                   : BIOS.obj (.text:ti_sysbios_knl_Task_schedule__I)
                  00003c08    0000005c                   : BIOS.obj (.text:ti_sysbios_knl_Swi_run__I)
                  00003c64    00000004     ti.targets.arm.rtsarm.aem4f : System.oem4f (.text:xdc_runtime_System_printf_va__F)
                  00003c68    0000005c     sysbios.aem4f : BIOS.obj (.text:ti_sysbios_knl_Swi_schedule__I)
                  00003cc4    00000002     empty_pem4f.oem4f (.text:xdc_runtime_Startup_reset__I)
                  00003cc6    00000002     --HOLE-- [fill = 0]
                  00003cc8    0000005c     sysbios.aem4f : BIOS.obj (.text:ti_sysbios_knl_Task_Module_startup__E)
                  00003d24    00000004     --HOLE-- [fill = 0]
                  00003d28    0000005c                   : BIOS.obj (.text:ti_sysbios_knl_Task_startCore__E)
                  00003d84    0000005b     ti.targets.arm.rtsarm.aem4f : Text.oem4f (.text:xdc_runtime_Text_putLab__E)
                  00003ddf    00000001     --HOLE-- [fill = 0]
                  00003de0    0000005a     empty.obj (.text:glcd_cleardisplay)
                  00003e3a    00000002     --HOLE-- [fill = 0]
                  00003e3c    00000058     boot.aem4f : boot.oem4f (.text)
                  00003e94    00000058     rtsv7M4_T_le_v4SPD16_eabi.lib : hostwrite.obj (.text)
                  00003eec    00000058     sysbios.aem4f : m3_Hwi_asm_switch.obj (.text:ti_sysbios_family_arm_m3_Hwi_initStacks__E)
                  00003f44    00000054     rtsv7M4_T_le_v4SPD16_eabi.lib : exit.obj (.text)
                  00003f98    00000054     ti.targets.arm.rtsarm.aem4f : Assert.oem4f (.text:xdc_runtime_Assert_raise__I)
                  00003fec    00000004     --HOLE-- [fill = 0]
                  00003ff0    00000050     sysbios.aem4f : BIOS.obj (.text:ti_sysbios_family_arm_m3_Hwi_Module_startup__E)
                  00004040    00000050     ti.targets.arm.rtsarm.aem4f : Startup.oem4f (.text:xdc_runtime_Startup_exec__E)
                  00004090    00000050                                 : Text.oem4f (.text:xdc_runtime_Text_visitRope2__I)
                  000040e0    0000004c     rtsv7M4_T_le_v4SPD16_eabi.lib : cpy_tbl.obj (.text)
                  0000412c    00000004     --HOLE-- [fill = 0]
                  00004130    0000004c     sysbios.aem4f : BIOS.obj (.text:ti_sysbios_heaps_HeapMem_getStats__E)
                  0000417c    00000004     --HOLE-- [fill = 0]
                  00004180    0000004c                   : BIOS.obj (.text:ti_sysbios_knl_Swi_runLoop__I)
                  000041cc    00000004     --HOLE-- [fill = 0]
                  000041d0    0000004c                   : BIOS.obj (.text:ti_sysbios_knl_Task_allBlockedFunction__I)
                  0000421c    0000004c     empty.obj (.text:timer2Init)
                  00004268    00000048     empty.obj (.text:glcd_setcolumn)
                  000042b0    00000048     sysbios.aem4f : BIOS.obj (.text:ti_sysbios_family_arm_m3_Hwi_disableInterrupt__E)
                  000042f8    00000048                   : BIOS.obj (.text:ti_sysbios_family_arm_m3_Hwi_enableInterrupt__E)
                  00004340    00000048                   : BIOS.obj (.text:ti_sysbios_family_arm_m3_Hwi_excReserved__I)
                  00004388    00000046     ti.targets.arm.rtsarm.aem4f : Core-params.oem4f (.text:xdc_runtime_Core_assignParams__I)
                  000043ce    00000002     --HOLE-- [fill = 0]
                  000043d0    00000044     sysbios.aem4f : BIOS.obj (.text:ti_sysbios_family_arm_m3_Hwi_getStackInfo__E)
                  00004414    00000004     --HOLE-- [fill = 0]
                  00004418    00000044                   : BIOS.obj (.text:ti_sysbios_knl_Swi_post__E)
                  0000445c    00000044     ti.targets.arm.rtsarm.aem4f : Error.oem4f (.text:xdc_runtime_Error_setX__E)
                  000044a0    00000044                                 : SysMin.oem4f (.text:xdc_runtime_SysMin_flush__E)
                  000044e4    00000044                                 : Text.oem4f (.text:xdc_runtime_Text_xprintf__I)
                  00004528    00000040     rtsv7M4_T_le_v4SPD16_eabi.lib : u_divt2.obj (.text)
                  00004568    00000040     sysbios.aem4f : BIOS.obj (.text:ti_sysbios_family_arm_lm4_Timer_startup__E)
                  000045a8    0000003e     driverlib.lib : adc.obj (.text:ADCSequenceConfigure)
                  000045e6    00000002     --HOLE-- [fill = 0]
                  000045e8    0000003c     empty.obj (.text:glcd_setpage)
                  00004624    00000004     --HOLE-- [fill = 0]
                  00004628    0000003c     sysbios.aem4f : BIOS.obj (.text:ti_sysbios_family_arm_m3_Hwi_excSvCall__I)
                  00004664    00000004     --HOLE-- [fill = 0]
                  00004668    0000003c                   : BIOS.obj (.text:ti_sysbios_heaps_HeapMem_init__I)
                  000046a4    00000004     --HOLE-- [fill = 0]
                  000046a8    0000003c                   : BIOS.obj (.text:ti_sysbios_knl_Swi_restore__E)
                  000046e4    00000004     --HOLE-- [fill = 0]
                  000046e8    00000038                   : BIOS.obj (.text:ti_sysbios_family_arm_m3_Hwi_excNoIsr__I)
                  00004720    00000038                   : BIOS.obj (.text:ti_sysbios_knl_Task_processVitalTaskFlag__I)
                  00004758    00000038     ti.targets.arm.rtsarm.aem4f : SysMin.oem4f (.text:xdc_runtime_SysMin_putch__E)
                  00004790    00000038                                 : System.oem4f (.text:xdc_runtime_System_atexit__E)
                  000047c8    00000034     driverlib.lib : sysctl.obj (.text:SysCtlPeripheralEnable)
                  000047fc    00000004     --HOLE-- [fill = 0]
                  00004800    00000034     sysbios.aem4f : BIOS.obj (.text:ti_sysbios_family_arm_m3_Hwi_excNmi__I)
                  00004834    00000004     --HOLE-- [fill = 0]
                  00004838    00000034                   : BIOS.obj (.text:ti_sysbios_hal_Hwi_checkStack)
                  0000486c    00000034     ti.targets.arm.rtsarm.aem4f : Core-label.oem4f (.text:xdc_runtime_Core_assignLabel__I)
                  000048a0    00000033                                 : Text.oem4f (.text:xdc_runtime_Text_printVisFxn__I)
                  000048d3    00000005     --HOLE-- [fill = 0]
                  000048d8    00000032     sysbios.aem4f : BIOS.obj (.text:ti_sysbios_hal_Hwi_initStack)
                  0000490a    00000002     --HOLE-- [fill = 0]
                  0000490c    00000030     empty_pem4f.oem4f (.text:ti_sysbios_BIOS_atExitFunc__I)
                  0000493c    00000004     --HOLE-- [fill = 0]
                  00004940    00000030     sysbios.aem4f : BIOS.obj (.text:ti_sysbios_family_arm_lm4_Timer_stop__E)
                  00004970    00000030                   : BIOS.obj (.text:ti_sysbios_family_arm_m3_TaskSupport_start__E)
                  000049a0    00000030     empty_pem4f.oem4f (.text:ti_sysbios_gates_GateHwi_Object__create__S)
                  000049d0    00000030     empty_pem4f.oem4f (.text:ti_sysbios_gates_GateMutex_Object__create__S)
                  00004a00    00000030     empty_pem4f.oem4f (.text:ti_sysbios_heaps_HeapMem_Object__create__S)
                  00004a30    00000030     empty_pem4f.oem4f (.text:ti_sysbios_knl_Semaphore_construct)
                  00004a60    00000030     sysbios.aem4f : BIOS.obj (.text:ti_sysbios_knl_Semaphore_pendTimeout__I)
                  00004a90    00000030                   : BIOS.obj (.text:ti_sysbios_knl_Task_unblockI__E)
                  00004ac0    00000030     ti.targets.arm.rtsarm.aem4f : SysMin.oem4f (.text:xdc_runtime_SysMin_abort__E)
                  00004af0    00000030                                 : System.oem4f (.text:xdc_runtime_System_processAtExit__E)
                  00004b20    0000002e     driverlib.lib : adc.obj (.text:ADCIntStatus)
                  00004b4e    00000002     --HOLE-- [fill = 0]
                  00004b50    0000002c     empty_pem4f.oem4f (.text:ti_sysbios_knl_Clock_doTick__I)
                  00004b7c    0000002c     empty_pem4f.oem4f (.text:ti_sysbios_knl_Queue_construct)
                  00004ba8    0000002c     sysbios.aem4f : BIOS.obj (.text:ti_sysbios_knl_Task_restore__E)
                  00004bd4    0000002c     ti.targets.arm.rtsarm.aem4f : Text.oem4f (.text:xdc_runtime_Text_cordText__E)
                  00004c00    0000002a     driverlib.lib : gpio.obj (.text:GPIODirModeSet)
                  00004c2a    0000002a     ti.targets.arm.rtsarm.aem4f : System.oem4f (.text:xdc_runtime_System_putchar__I)
                  00004c54    00000004     --HOLE-- [fill = 0]
                  00004c58    00000028     sysbios.aem4f : BIOS.obj (.text:ti_sysbios_knl_Swi_Module_startup__E)
                  00004c80    00000026                   : m3_Hwi_asm.obj (.text:ti_sysbios_family_arm_m3_Hwi_pendSV__I)
                  00004ca6    00000026     ti.targets.arm.rtsarm.aem4f : System.oem4f (.text:xdc_runtime_System_avprintf__E)
                  00004ccc    00000024     empty_pem4f.oem4f (.text:ti_sysbios_BIOS_errorRaiseHook__I)
                  00004cf0    00000024     empty_pem4f.oem4f (.text:ti_sysbios_BIOS_registerRTSLock__I)
                  00004d14    00000024     empty_pem4f.oem4f (.text:ti_sysbios_BIOS_removeRTSLock__I)
                  00004d38    00000024     empty_pem4f.oem4f (.text:ti_sysbios_BIOS_startFunc__I)
                  00004d5c    00000024     empty_pem4f.oem4f (.text:ti_sysbios_gates_GateMutex_Object__delete__S)
                  00004d80    00000024     sysbios.aem4f : BIOS.obj (.text:ti_sysbios_knl_Clock_Module_startup__E)
                  00004da4    00000004     --HOLE-- [fill = 0]
                  00004da8    00000024                   : BIOS.obj (.text:ti_sysbios_knl_Task_restoreHwi__E)
                  00004dcc    00000024     ti.targets.arm.rtsarm.aem4f : System.oem4f (.text:xdc_runtime_System_vprintf__E)
                  00004df0    00000022     sysbios.aem4f : BIOS.obj (.text:ti_sysbios_family_arm_lm4_Timer_write__I)
                  00004e12    00000022     empty_pem4f.oem4f (.text:xdc_runtime_SysMin_output__I)
                  00004e34    00000020     empty_pem4f.oem4f (.text:ti_sysbios_BIOS_rtsLock__I)
                  00004e54    00000020     sysbios.aem4f : m3_Hwi_asm.obj (.text:ti_sysbios_family_arm_m3_Hwi_excHandlerAsm__I)
                  00004e74    00000004     --HOLE-- [fill = 0]
                  00004e78    00000020                   : BIOS.obj (.text:ti_sysbios_family_arm_m3_Hwi_excHandler__I)
                  00004e98    00000020     empty_pem4f.oem4f (.text:ti_sysbios_gates_GateHwi_Object__delete__S)
                  00004eb8    00000020     empty_pem4f.oem4f (.text:ti_sysbios_heaps_HeapMem_Object__delete__S)
                  00004ed8    00000020     sysbios.aem4f : BIOS.obj (.text:ti_sysbios_knl_Idle_run__E)
                  00004ef8    00000020     empty_pem4f.oem4f (.text:ti_sysbios_knl_Semaphore_Object__destruct__S)
                  00004f18    00000020     ti.targets.arm.rtsarm.aem4f : Registry.oem4f (.text:xdc_runtime_Registry_findById__E)
                  00004f38    00000020                                 : SysMin.oem4f (.text:xdc_runtime_SysMin_Module_startup__E)
                  00004f58    0000001e     driverlib.lib : adc.obj (.text:ADCSequenceDataGet)
                  00004f76    0000001e     sysbios.aem4f : m3_Hwi_asm_switch.obj (.text:ti_sysbios_family_xxx_Hwi_switchAndRunFunc)
                  00004f94    00000004     --HOLE-- [fill = 0]
                  00004f98    0000001c                   : BIOS.obj (.text:ti_sysbios_gates_GateMutex_Instance_init__E)
                  00004fb4    0000001c     empty_pem4f.oem4f (.text:ti_sysbios_knl_Queue_Object__destruct__S)
                  00004fd0    0000001c     sysbios.aem4f : BIOS.obj (.text:ti_sysbios_knl_Task_enter__I)
                  00004fec    0000001c     ti.targets.arm.rtsarm.aem4f : Error.oem4f (.text:xdc_runtime_Error_raiseX__E)
                  00005008    0000001c                                 : Memory.oem4f (.text:xdc_runtime_Memory_valloc__E)
                  00005024    0000001c                                 : SysMin.oem4f (.text:xdc_runtime_SysMin_exit__E)
                  00005040    0000001c                                 : System.oem4f (.text:xdc_runtime_System_abort__E)
                  0000505c    0000001a     empty_pem4f.oem4f (.text:ti_sysbios_family_arm_m3_Hwi_Handle__label__S)
                  00005076    0000001a     empty_pem4f.oem4f (.text:ti_sysbios_gates_GateHwi_Handle__label__S)
                  00005090    0000001a     empty_pem4f.oem4f (.text:ti_sysbios_gates_GateMutex_Handle__label__S)
                  000050aa    0000001a     empty_pem4f.oem4f (.text:ti_sysbios_heaps_HeapMem_Handle__label__S)
                  000050c4    0000001a     empty_pem4f.oem4f (.text:ti_sysbios_knl_Swi_Handle__label__S)
                  000050de    0000001a     empty_pem4f.oem4f (.text:ti_sysbios_knl_Task_Handle__label__S)
                  000050f8    0000001a     empty_pem4f.oem4f (.text:xdc_runtime_System_aprintf__E)
                  00005112    0000001a     empty_pem4f.oem4f (.text:xdc_runtime_System_printf__E)
                  0000512c    00000018     driverlib.lib : adc.obj (.text:ADCProcessorTrigger)
                  00005144    00000018                   : gpio.obj (.text:GPIOPinTypeGPIOOutput)
                  0000515c    00000018     rtsv7M4_T_le_v4SPD16_eabi.lib : args_main.obj (.text)
                  00005174    00000018     empty_pem4f.oem4f (.text:ti_sysbios_BIOS_rtsUnlock__I)
                  0000518c    00000018     empty_pem4f.oem4f (.text:ti_sysbios_family_arm_lm4_Timer_Module__startupDone__F)
                  000051a4    00000018     empty_pem4f.oem4f (.text:ti_sysbios_family_arm_m3_Hwi_Module__startupDone__F)
                  000051bc    00000018     sysbios.aem4f : m3_TaskSupport_asm.obj (.text:ti_sysbios_family_arm_m3_TaskSupport_swap__E)
                  000051d4    00000004     --HOLE-- [fill = 0]
                  000051d8    00000018                   : BIOS.obj (.text:ti_sysbios_gates_GateMutex_leave__E)
                  000051f0    00000018     ti.targets.arm.rtsarm.aem4f : Error.oem4f (.text:xdc_runtime_Error_check__E)
                  00005208    00000018                                 : System.oem4f (.text:xdc_runtime_System_exit__E)
                  00005220    00000018                                 : Text.oem4f (.text:xdc_runtime_Text_ropeText__E)
                  00005238    00000016     empty_pem4f.oem4f (.text:ti_sysbios_BIOS_exitFunc__I)
                  0000524e    00000002     --HOLE-- [fill = 0]
                  00005250    00000014     rtsv7M4_T_le_v4SPD16_eabi.lib : _lock.obj (.text)
                  00005264    00000014                                   : strlen.obj (.text)
                  00005278    00000014     empty_pem4f.oem4f (.text:ti_sysbios_family_arm_m3_Hwi_Object__get__S)
                  0000528c    00000004     --HOLE-- [fill = 0]
                  00005290    00000014     sysbios.aem4f : BIOS.obj (.text:ti_sysbios_family_arm_m3_Hwi_switchFromBootStack__E)
                  000052a4    00000014     empty_pem4f.oem4f (.text:ti_sysbios_heaps_HeapMem_Object__get__S)
                  000052b8    00000014     empty_pem4f.oem4f (.text:ti_sysbios_knl_Swi_Object__get__S)
                  000052cc    00000012     driverlib.lib : gpio.obj (.text:GPIOPinTypeADC)
                  000052de    00000012                   : gpio.obj (.text:GPIOPinTypeGPIOInput)
                  000052f0    00000012                   : timer.obj (.text:TimerLoadSet)
                  00005302    00000006                   : gpio.obj (.text:GPIOPinWrite)
                  00005308    00000012     sysbios.aem4f : BIOS.obj (.text:ti_sysbios_hal_Hwi_Module_startup__E)
                  0000531a    00000012     empty_pem4f.oem4f (.text:xdc_runtime_Startup_exec__I)
                  0000532c    00000004     --HOLE-- [fill = 0]
                  00005330    00000010     sysbios.aem4f : BIOS.obj (.text:ti_sysbios_BIOS_setThreadType__E)
                  00005340    00000010                   : BIOS.obj (.text:ti_sysbios_BIOS_start__E)
                  00005350    00000010                   : m3_TaskSupport_asm.obj (.text:ti_sysbios_family_arm_m3_TaskSupport_glue)
                  00005360    00000010                   : BIOS.obj (.text:ti_sysbios_gates_GateMutex_Instance_finalize__E)
                  00005370    00000010                   : BIOS.obj (.text:ti_sysbios_knl_Semaphore_Instance_finalize__E)
                  00005380    00000010                   : BIOS.obj (.text:ti_sysbios_knl_Swi_disable__E)
                  00005390    00000010     empty_pem4f.oem4f (.text:ti_sysbios_knl_Task_Object__get__S)
                  000053a0    00000010     sysbios.aem4f : BIOS.obj (.text:ti_sysbios_knl_Task_disable__E)
                  000053b0    00000010     ti.targets.arm.rtsarm.aem4f : Gate.oem4f (.text:xdc_runtime_Gate_leaveSystem__E)
                  000053c0    00000010                                 : Memory.oem4f (.text:xdc_runtime_Memory_free__E)
                  000053d0    00000010                                 : SysMin.oem4f (.text:xdc_runtime_SysMin_ready__E)
                  000053e0    00000010                                 : System.oem4f (.text:xdc_runtime_System_vsnprintf__E)
                  000053f0    00000010     empty_pem4f.oem4f (.text:xdc_runtime_Text_visitRope__I)
                  00005400    0000000e     driverlib.lib : adc.obj (.text:ADCSequenceEnable)
                  0000540e    0000000e                   : timer.obj (.text:TimerEnable)
                  0000541c    0000000e     rtsv7M4_T_le_v4SPD16_eabi.lib : copy_decompress_none.obj (.text:decompress:none)
                  0000542a    00000006     driverlib.lib : sysctl.obj (.text:SysCtlDelay)
                  00005430    0000000e     sysbios.aem4f : BIOS.obj (.text:ti_sysbios_knl_Idle_loop__E)
                  0000543e    00000002     --HOLE-- [fill = 0]
                  00005440    0000000e                   : BIOS.obj (.text:ti_sysbios_knl_Queue_empty__E)
                  0000544e    00000002     --HOLE-- [fill = 0]
                  00005450    0000000c     empty_pem4f.oem4f (.text:.bootCodeSection:ti_catalog_arm_cortexm4_tiva_ce_Boot_init__I)
                  0000545c    0000000c     rtsv7M4_T_le_v4SPD16_eabi.lib : copy_zero_init.obj (.text:decompress:ZI)
                  00005468    0000000c     sysbios.aem4f : BIOS.obj (.text:ti_sysbios_family_arm_lm4_Timer_getMaxTicks__E)
                  00005474    00000004     --HOLE-- [fill = 0]
                  00005478    0000000c                   : BIOS.obj (.text:ti_sysbios_family_arm_m3_TaskSupport_checkStack__E)
                  00005484    00000004     --HOLE-- [fill = 0]
                  00005488    0000000c                   : BIOS.obj (.text:ti_sysbios_gates_GateHwi_enter__E)
                  00005494    0000000c     empty_pem4f.oem4f (.text:ti_sysbios_knl_Queue_Object__get__S)
                  000054a0    0000000c     ti.targets.arm.rtsarm.aem4f : Error.oem4f (.text:xdc_runtime_Error_init__E)
                  000054ac    0000000c                                 : Gate.oem4f (.text:xdc_runtime_Gate_enterSystem__E)
                  000054b8    0000000c                                 : Memory.oem4f (.text:xdc_runtime_Memory_calloc__E)
                  000054c4    0000000c                                 : Memory.oem4f (.text:xdc_runtime_Memory_getMaxDefaultTypeAlign__E)
                  000054d0    0000000a     driverlib.lib : adc.obj (.text:ADCIntClear)
                  000054da    0000000a     empty_pem4f.oem4f (.text:xdc_runtime_IHeap_alloc)
                  000054e4    0000000a     empty_pem4f.oem4f (.text:xdc_runtime_IHeap_free)
                  000054ee    00000008     driverlib.lib : timer.obj (.text:TimerIntEnable)
                  000054f6    00000008     sysbios.aem4f : BIOS.obj (.text:ti_sysbios_family_arm_lm4_Timer_masterDisable__I)
                  000054fe    00000002     --HOLE-- [fill = 0]
                  00005500    00000008                   : BIOS.obj (.text:ti_sysbios_family_arm_m3_Hwi_doSwiRestore__I)
                  00005508    00000008                   : BIOS.obj (.text:ti_sysbios_family_arm_m3_Hwi_startup__E)
                  00005510    00000006     Boot.aem4f : Boot_sysctl.oem4f (.text:ti_catalog_arm_cortexm4_tiva_ce_Boot_sysCtlDelayI__I)
                  00005516    00000002     --HOLE-- [fill = 0]
                  00005518    00000006     sysbios.aem4f : BIOS.obj (.text:ti_sysbios_family_arm_m3_Hwi_doTaskRestore__I)
                  0000551e    00000002     --HOLE-- [fill = 0]
                  00005520    00000006                   : BIOS.obj (.text:ti_sysbios_gates_GateHwi_leave__E)
                  00005526    00000002     --HOLE-- [fill = 0]
                  00005528    00000006                   : BIOS.obj (.text:ti_sysbios_heaps_HeapMem_isBlocking__E)
                  0000552e    00000002     --HOLE-- [fill = 0]
                  00005530    00000006                   : BIOS.obj (.text:ti_sysbios_knl_Queue_Instance_init__E)
                  00005536    00000002     --HOLE-- [fill = 0]
                  00005538    00000006                   : BIOS.obj (.text:ti_sysbios_knl_Swi_startup__E)
                  0000553e    00000006     ti.targets.arm.rtsarm.aem4f : System.oem4f (.text:xdc_runtime_System_Module_startup__E)
                  00005544    00000004     --HOLE-- [fill = 0]
                  00005548    00000004     sysbios.aem4f : BIOS.obj (.text:ti_sysbios_gates_GateHwi_query__E)
                  0000554c    00000004     --HOLE-- [fill = 0]
                  00005550    00000004                   : BIOS.obj (.text:ti_sysbios_gates_GateMutex_query__E)
                  00005554    00000004     --HOLE-- [fill = 0]
                  00005558    00000004                   : BIOS.obj (.text:ti_sysbios_knl_Task_startup__E)
                  0000555c    00000004     --HOLE-- [fill = 0]
                  00005560    00000002                   : BIOS.obj (.text:ti_sysbios_gates_GateHwi_Instance_init__E)
                  00005562    00000006     --HOLE-- [fill = 0]
                  00005568    00000002                   : BIOS.obj (.text:ti_sysbios_knl_Clock_logTick__E)

.const     0    0000556c    00001dd2     
                  0000556c    000018b1     empty_pem4f.oem4f (.const:xdc_runtime_Text_charTab__A)
                  00006e1d    00000001     empty_pem4f.oem4f (.const:xdc_runtime_Error_policy__C)
                  00006e1e    000000bc     empty_pem4f.oem4f (.const:xdc_runtime_Text_nodeTab__A)
                  00006eda    00000002     empty_pem4f.oem4f (.const:ti_catalog_arm_cortexm4_tiva_ce_Boot_Module__id__C)
                  00006edc    0000006c     driverlib.lib : sysctl.obj (.const:g_pui32Xtals)
                  00006f48    00000048     empty_pem4f.oem4f (.const:.string)
                  00006f90    00000028     empty_pem4f.oem4f (.const:ti_sysbios_heaps_HeapMem_Module__FXNS__C)
                  00006fb8    00000024     empty_pem4f.oem4f (.const:ti_sysbios_gates_GateHwi_Module__FXNS__C)
                  00006fdc    00000024     empty_pem4f.oem4f (.const:ti_sysbios_gates_GateMutex_Module__FXNS__C)
                  00007000    00000024     empty_pem4f.oem4f (.const:ti_sysbios_heaps_HeapMem_Object__PARAMS__C)
                  00007024    00000024     empty_pem4f.oem4f (.const:ti_sysbios_knl_Semaphore_Object__PARAMS__C)
                  00007048    00000020     empty_pem4f.oem4f (.const:ti_sysbios_gates_GateHwi_Object__DESC__C)
                  00007068    00000020     empty_pem4f.oem4f (.const:ti_sysbios_gates_GateMutex_Object__DESC__C)
                  00007088    00000020     empty_pem4f.oem4f (.const:ti_sysbios_heaps_HeapMem_Object__DESC__C)
                  000070a8    00000020     empty_pem4f.oem4f (.const:ti_sysbios_knl_Queue_Object__DESC__C)
                  000070c8    00000020     empty_pem4f.oem4f (.const:ti_sysbios_knl_Semaphore_Object__DESC__C)
                  000070e8    00000020     empty_pem4f.oem4f (.const:xdc_runtime_Startup_sfxnTab__A)
                  00007108    0000001c     empty_pem4f.oem4f (.const)
                  00007124    00000018     empty_pem4f.oem4f (.const:ti_sysbios_gates_GateHwi_Object__PARAMS__C)
                  0000713c    00000018     empty_pem4f.oem4f (.const:ti_sysbios_gates_GateMutex_Object__PARAMS__C)
                  00007154    00000018     empty_pem4f.oem4f (.const:ti_sysbios_knl_Queue_Object__PARAMS__C)
                  0000716c    00000014     empty_pem4f.oem4f (.const:xdc_runtime_Startup_firstFxns__A)
                  00007180    00000010     empty_pem4f.oem4f (.const:xdc_runtime_Startup_sfxnRts__A)
                  00007190    00000008     empty_pem4f.oem4f (.const:ti_sysbios_family_arm_m3_Hwi_excHookFuncs__A)
                  00007198    00000008     empty_pem4f.oem4f (.const:ti_sysbios_knl_Idle_funcList__C)
                  000071a0    00000008     empty_pem4f.oem4f (.const:xdc_runtime_Startup_firstFxns__C)
                  000071a8    00000008     empty_pem4f.oem4f (.const:xdc_runtime_Startup_lastFxns__C)
                  000071b0    00000004     empty_pem4f.oem4f (.const:ti_catalog_arm_cortexm4_tiva_ce_Boot_A_mustUseEnhancedClockMode__C)
                  000071b4    00000004     empty_pem4f.oem4f (.const:ti_catalog_arm_cortexm4_tiva_ce_Boot_Module__diagsEnabled__C)
                  000071b8    00000004     empty_pem4f.oem4f (.const:ti_catalog_arm_cortexm4_tiva_ce_Boot_Module__diagsIncluded__C)
                  000071bc    00000004     empty_pem4f.oem4f (.const:ti_catalog_arm_cortexm4_tiva_ce_Boot_Module__diagsMask__C)
                  000071c0    00000004     empty_pem4f.oem4f (.const:ti_sysbios_family_arm_lm4_Timer_enableFunc__C)
                  000071c4    00000004     empty_pem4f.oem4f (.const:ti_sysbios_family_arm_lm4_Timer_numTimerDevices__C)
                  000071c8    00000004     empty_pem4f.oem4f (.const:ti_sysbios_family_arm_lm4_Timer_startupNeeded__C)
                  000071cc    00000004     empty_pem4f.oem4f (.const:ti_sysbios_family_arm_m3_Hwi_E_NMI__C)
                  000071d0    00000004     empty_pem4f.oem4f (.const:ti_sysbios_family_arm_m3_Hwi_E_busFault__C)
                  000071d4    00000004     empty_pem4f.oem4f (.const:ti_sysbios_family_arm_m3_Hwi_E_debugMon__C)
                  000071d8    00000004     empty_pem4f.oem4f (.const:ti_sysbios_family_arm_m3_Hwi_E_hardFault__C)
                  000071dc    00000004     empty_pem4f.oem4f (.const:ti_sysbios_family_arm_m3_Hwi_E_memFault__C)
                  000071e0    00000004     empty_pem4f.oem4f (.const:ti_sysbios_family_arm_m3_Hwi_E_noIsr__C)
                  000071e4    00000004     empty_pem4f.oem4f (.const:ti_sysbios_family_arm_m3_Hwi_E_reserved__C)
                  000071e8    00000004     empty_pem4f.oem4f (.const:ti_sysbios_family_arm_m3_Hwi_E_svCall__C)
                  000071ec    00000004     empty_pem4f.oem4f (.const:ti_sysbios_family_arm_m3_Hwi_E_usageFault__C)
                  000071f0    00000004     empty_pem4f.oem4f (.const:ti_sysbios_family_arm_m3_Hwi_NUM_INTERRUPTS__C)
                  000071f4    00000004     empty_pem4f.oem4f (.const:ti_sysbios_family_arm_m3_Hwi_Object__count__C)
                  000071f8    00000004     empty_pem4f.oem4f (.const:ti_sysbios_family_arm_m3_Hwi_ccr__C)
                  000071fc    00000004     empty_pem4f.oem4f (.const:ti_sysbios_family_arm_m3_Hwi_excHandlerFunc__C)
                  00007200    00000004     empty_pem4f.oem4f (.const:ti_sysbios_family_arm_m3_Hwi_excHookFuncs__C)
                  00007204    00000004     empty_pem4f.oem4f (.const:ti_sysbios_family_arm_m3_Hwi_nullIsrFunc__C)
                  00007208    00000004     empty_pem4f.oem4f (.const:ti_sysbios_family_arm_m3_Hwi_priGroup__C)
                  0000720c    00000004     empty_pem4f.oem4f (.const:ti_sysbios_gates_GateMutex_A_badContext__C)
                  00007210    00000004     empty_pem4f.oem4f (.const:ti_sysbios_gates_GateMutex_Instance_State_sem__O)
                  00007214    00000004     empty_pem4f.oem4f (.const:ti_sysbios_gates_GateMutex_Module__diagsEnabled__C)
                  00007218    00000004     empty_pem4f.oem4f (.const:ti_sysbios_gates_GateMutex_Module__diagsIncluded__C)
                  0000721c    00000004     empty_pem4f.oem4f (.const:ti_sysbios_gates_GateMutex_Module__diagsMask__C)
                  00007220    00000004     empty_pem4f.oem4f (.const:ti_sysbios_hal_Hwi_E_stackOverflow__C)
                  00007224    00000004     empty_pem4f.oem4f (.const:ti_sysbios_heaps_HeapMem_A_align__C)
                  00007228    00000004     empty_pem4f.oem4f (.const:ti_sysbios_heaps_HeapMem_A_heapSize__C)
                  0000722c    00000004     empty_pem4f.oem4f (.const:ti_sysbios_heaps_HeapMem_A_invalidFree__C)
                  00007230    00000004     empty_pem4f.oem4f (.const:ti_sysbios_heaps_HeapMem_A_zeroBlock__C)
                  00007234    00000004     empty_pem4f.oem4f (.const:ti_sysbios_heaps_HeapMem_E_memory__C)
                  00007238    00000004     empty_pem4f.oem4f (.const:ti_sysbios_heaps_HeapMem_Module__diagsEnabled__C)
                  0000723c    00000004     empty_pem4f.oem4f (.const:ti_sysbios_heaps_HeapMem_Module__diagsIncluded__C)
                  00007240    00000004     empty_pem4f.oem4f (.const:ti_sysbios_heaps_HeapMem_Module__diagsMask__C)
                  00007244    00000004     empty_pem4f.oem4f (.const:ti_sysbios_heaps_HeapMem_Module__gateObj__C)
                  00007248    00000004     empty_pem4f.oem4f (.const:ti_sysbios_heaps_HeapMem_Object__count__C)
                  0000724c    00000004     empty_pem4f.oem4f (.const:ti_sysbios_heaps_HeapMem_reqAlign__C)
                  00007250    00000004     empty_pem4f.oem4f (.const:ti_sysbios_knl_Clock_Module_State_clockQ__O)
                  00007254    00000004     empty_pem4f.oem4f (.const:ti_sysbios_knl_Idle_funcList__A)
                  00007258    00000004     empty_pem4f.oem4f (.const:ti_sysbios_knl_Semaphore_A_badContext__C)
                  0000725c    00000004     empty_pem4f.oem4f (.const:ti_sysbios_knl_Semaphore_A_noEvents__C)
                  00007260    00000004     empty_pem4f.oem4f (.const:ti_sysbios_knl_Semaphore_A_overflow__C)
                  00007264    00000004     empty_pem4f.oem4f (.const:ti_sysbios_knl_Semaphore_A_pendTaskDisabled__C)
                  00007268    00000004     empty_pem4f.oem4f (.const:ti_sysbios_knl_Semaphore_Instance_State_pendQ__O)
                  0000726c    00000004     empty_pem4f.oem4f (.const:ti_sysbios_knl_Semaphore_Module__diagsEnabled__C)
                  00007270    00000004     empty_pem4f.oem4f (.const:ti_sysbios_knl_Semaphore_Module__diagsIncluded__C)
                  00007274    00000004     empty_pem4f.oem4f (.const:ti_sysbios_knl_Semaphore_Module__diagsMask__C)
                  00007278    00000004     empty_pem4f.oem4f (.const:ti_sysbios_knl_Swi_Object__count__C)
                  0000727c    00000004     empty_pem4f.oem4f (.const:ti_sysbios_knl_Task_E_spOutOfBounds__C)
                  00007280    00000004     empty_pem4f.oem4f (.const:ti_sysbios_knl_Task_E_stackOverflow__C)
                  00007284    00000004     empty_pem4f.oem4f (.const:ti_sysbios_knl_Task_Module_State_inactiveQ__O)
                  00007288    00000004     empty_pem4f.oem4f (.const:ti_sysbios_knl_Task_Object__count__C)
                  0000728c    00000004     empty_pem4f.oem4f (.const:ti_sysbios_knl_Task_allBlockedFunc__C)
                  00007290    00000004     empty_pem4f.oem4f (.const:ti_sysbios_knl_Task_numConstructedTasks__C)
                  00007294    00000004     empty_pem4f.oem4f (.const:xdc_runtime_Assert_E_assertFailed__C)
                  00007298    00000004     empty_pem4f.oem4f (.const:xdc_runtime_Core_A_initializedParams__C)
                  0000729c    00000004     empty_pem4f.oem4f (.const:xdc_runtime_Core_Module__diagsEnabled__C)
                  000072a0    00000004     empty_pem4f.oem4f (.const:xdc_runtime_Core_Module__diagsIncluded__C)
                  000072a4    00000004     empty_pem4f.oem4f (.const:xdc_runtime_Core_Module__diagsMask__C)
                  000072a8    00000004     empty_pem4f.oem4f (.const:xdc_runtime_Error_E_memory__C)
                  000072ac    00000004     empty_pem4f.oem4f (.const:xdc_runtime_Error_Module__diagsEnabled__C)
                  000072b0    00000004     empty_pem4f.oem4f (.const:xdc_runtime_Error_Module__diagsIncluded__C)
                  000072b4    00000004     empty_pem4f.oem4f (.const:xdc_runtime_Error_Module__diagsMask__C)
                  000072b8    00000004     empty_pem4f.oem4f (.const:xdc_runtime_Error_Module__loggerFxn8__C)
                  000072bc    00000004     empty_pem4f.oem4f (.const:xdc_runtime_Error_Module__loggerObj__C)
                  000072c0    00000004     empty_pem4f.oem4f (.const:xdc_runtime_Error_policyFxn__C)
                  000072c4    00000004     empty_pem4f.oem4f (.const:xdc_runtime_Error_raiseHook__C)
                  000072c8    00000004     empty_pem4f.oem4f (.const:xdc_runtime_IGateProvider_Interface__BASE__C)
                  000072cc    00000004     empty_pem4f.oem4f (.const:xdc_runtime_IHeap_Interface__BASE__C)
                  000072d0    00000004     empty_pem4f.oem4f (.const:xdc_runtime_IModule_Interface__BASE__C)
                  000072d4    00000004     empty_pem4f.oem4f (.const:xdc_runtime_Log_L_error__C)
                  000072d8    00000004     empty_pem4f.oem4f (.const:xdc_runtime_Memory_defaultHeapInstance__C)
                  000072dc    00000004     empty_pem4f.oem4f (.const:xdc_runtime_Startup_execImpl__C)
                  000072e0    00000004     empty_pem4f.oem4f (.const:xdc_runtime_Startup_maxPasses__C)
                  000072e4    00000004     empty_pem4f.oem4f (.const:xdc_runtime_Startup_sfxnRts__C)
                  000072e8    00000004     empty_pem4f.oem4f (.const:xdc_runtime_Startup_sfxnTab__C)
                  000072ec    00000004     empty_pem4f.oem4f (.const:xdc_runtime_SysMin_bufSize__C)
                  000072f0    00000004     empty_pem4f.oem4f (.const:xdc_runtime_SysMin_outputFunc__C)
                  000072f4    00000004     empty_pem4f.oem4f (.const:xdc_runtime_System_Module__gateObj__C)
                  000072f8    00000004     empty_pem4f.oem4f (.const:xdc_runtime_System_abortFxn__C)
                  000072fc    00000004     empty_pem4f.oem4f (.const:xdc_runtime_System_exitFxn__C)
                  00007300    00000004     empty_pem4f.oem4f (.const:xdc_runtime_System_extendFxn__C)
                  00007304    00000004     empty_pem4f.oem4f (.const:xdc_runtime_System_maxAtexitHandlers__C)
                  00007308    00000004     empty_pem4f.oem4f (.const:xdc_runtime_Text_charTab__C)
                  0000730c    00000004     empty_pem4f.oem4f (.const:xdc_runtime_Text_nameEmpty__C)
                  00007310    00000004     empty_pem4f.oem4f (.const:xdc_runtime_Text_nameStatic__C)
                  00007314    00000004     empty_pem4f.oem4f (.const:xdc_runtime_Text_nameUnknown__C)
                  00007318    00000004     empty_pem4f.oem4f (.const:xdc_runtime_Text_nodeTab__C)
                  0000731c    00000004     empty_pem4f.oem4f (.const:xdc_runtime_Text_visitRopeFxn__C)
                  00007320    00000002     empty_pem4f.oem4f (.const:ti_sysbios_family_arm_m3_Hwi_Module__id__C)
                  00007322    00000002     empty_pem4f.oem4f (.const:ti_sysbios_gates_GateMutex_Module__id__C)
                  00007324    00000002     empty_pem4f.oem4f (.const:ti_sysbios_hal_Hwi_Module__id__C)
                  00007326    00000002     empty_pem4f.oem4f (.const:ti_sysbios_heaps_HeapMem_Module__id__C)
                  00007328    00000002     empty_pem4f.oem4f (.const:ti_sysbios_knl_Semaphore_Module__id__C)
                  0000732a    00000002     empty_pem4f.oem4f (.const:ti_sysbios_knl_Task_Module__id__C)
                  0000732c    00000002     empty_pem4f.oem4f (.const:xdc_runtime_Core_Module__id__C)
                  0000732e    00000002     empty_pem4f.oem4f (.const:xdc_runtime_Error_Module__loggerDefined__C)
                  00007330    00000002     empty_pem4f.oem4f (.const:xdc_runtime_Error_maxDepth__C)
                  00007332    00000002     empty_pem4f.oem4f (.const:xdc_runtime_Memory_Module__id__C)
                  00007334    00000002     empty_pem4f.oem4f (.const:xdc_runtime_SysMin_flushAtExit__C)
                  00007336    00000002     empty_pem4f.oem4f (.const:xdc_runtime_Text_charCnt__C)
                  00007338    00000002     empty_pem4f.oem4f (.const:xdc_runtime_Text_isLoaded__C)
                  0000733a    00000002     empty_pem4f.oem4f (.const:xdc_runtime_Text_registryModsLastId__C)
                  0000733c    00000002     empty_pem4f.oem4f (.const:xdc_runtime_Text_unnamedModsLastId__C)

.cinit     0    00007340    00000a80     
                  00007340    00000a49     (.cinit..data.load) [load image, compression = lzss]
                  00007d89    00000003     --HOLE-- [fill = 0]
                  00007d8c    0000000c     (__TI_handler_table)
                  00007d98    00000008     (.cinit..bss.load) [load image, compression = zero_init]
                  00007da0    00000008     (.cinit..vecs.load) [load image, compression = zero_init]
                  00007da8    00000018     (__TI_cinit_table)

.init_array 
*          0    00000000    00000000     UNINITIALIZED

.resetVecs 
*          0    00000000    0000003c     
                  00000000    0000003c     empty_pem4f.oem4f (.resetVecs)

.data      0    20000360    00002524     UNINITIALIZED
                  20000360    00000400     empty.obj (.data:eight)
                  20000760    00000400     empty.obj (.data:five)
                  20000b60    00000400     empty.obj (.data:four)
                  20000f60    00000400     empty.obj (.data:one)
                  20001360    00000400     empty.obj (.data:seven)
                  20001760    00000400     empty.obj (.data:six)
                  20001b60    00000400     empty.obj (.data:three)
                  20001f60    00000400     empty.obj (.data:two)
                  20002360    00000130     empty_pem4f.oem4f (.data:ti_sysbios_knl_Task_Object__table__V)
                  20002490    00000080     empty_pem4f.oem4f (.data:ti_sysbios_knl_Swi_Module_State_0_readyQ__A)
                  20002510    00000080     empty_pem4f.oem4f (.data:ti_sysbios_knl_Task_Module_State_0_readyQ__A)
                  20002590    00000044     empty_pem4f.oem4f (.data:ti_sysbios_knl_Task_Module__state__V)
                  200025d4    00000040     empty_pem4f.oem4f (.data:ti_sysbios_family_arm_lm4_Timer_Object__table__V)
                  20002614    0000003c     empty_pem4f.oem4f (.data:ti_sysbios_knl_Semaphore_Object__table__V)
                  20002650    00000038     empty_pem4f.oem4f (.data:ti_sysbios_gates_GateMutex_Object__table__V)
                  20002688    00000034     empty_pem4f.oem4f (.data:ti_sysbios_family_arm_m3_Hwi_Module__state__V)
                  200026bc    00000030     empty_pem4f.oem4f (.data:ti_sysbios_family_arm_lm4_Timer_Module_State_0_device__A)
                  200026ec    00000030     empty_pem4f.oem4f (.data:ti_sysbios_family_arm_m3_Hwi_Object__table__V)
                  2000271c    00000030     empty_pem4f.oem4f (.data:ti_sysbios_knl_Swi_Object__table__V)
                  2000274c    0000002c     empty_pem4f.oem4f (.data:ti_sysbios_knl_Clock_Module__state__V)
                  20002778    00000024     empty_pem4f.oem4f (.data:ti_sysbios_BIOS_Module__state__V)
                  2000279c    0000001c     empty_pem4f.oem4f (.data:ti_sysbios_knl_Swi_Module__state__V)
                  200027b8    00000018     empty_pem4f.oem4f (.data:ti_sysbios_family_arm_lm4_Timer_Module_State_0_handles__A)
                  200027d0    00000018     empty_pem4f.oem4f (.data:ti_sysbios_heaps_HeapMem_Object__table__V)
                  200027e8    0000000c     rtsv7M4_T_le_v4SPD16_eabi.lib : exit.obj (.data:$O1$$)
                  200027f4    0000000c     empty_pem4f.oem4f (.data:ti_sysbios_family_arm_lm4_Timer_Module__state__V)
                  20002800    0000000c     empty_pem4f.oem4f (.data:xdc_runtime_SysMin_Module__state__V)
                  2000280c    00000008     rtsv7M4_T_le_v4SPD16_eabi.lib : _lock.obj (.data:$O1$$)
                  20002814    00000008     empty_pem4f.oem4f (.data:ti_sysbios_gates_GateHwi_Module__root__V)
                  2000281c    00000008     empty_pem4f.oem4f (.data:ti_sysbios_gates_GateMutex_Module__root__V)
                  20002824    00000008     empty_pem4f.oem4f (.data:ti_sysbios_hal_Hwi_Object__table__V)
                  2000282c    00000008     empty_pem4f.oem4f (.data:ti_sysbios_heaps_HeapMem_Module__root__V)
                  20002834    00000008     empty_pem4f.oem4f (.data:ti_sysbios_knl_Queue_Module__root__V)
                  2000283c    00000008     empty_pem4f.oem4f (.data:ti_sysbios_knl_Semaphore_Module__root__V)
                  20002844    00000008     empty_pem4f.oem4f (.data:xdc_runtime_Registry_Module__state__V)
                  2000284c    00000008     empty_pem4f.oem4f (.data:xdc_runtime_Startup_Module__state__V)
                  20002854    00000008     empty_pem4f.oem4f (.data:xdc_runtime_System_Module_State_0_atexitHandlers__A)
                  2000285c    00000008     empty_pem4f.oem4f (.data:xdc_runtime_System_Module__state__V)
                  20002864    00000004     empty.obj (.data)
                  20002868    00000004     rtsv7M4_T_le_v4SPD16_eabi.lib : stkdepth_vars.obj (.data)
                  2000286c    00000004     empty_pem4f.oem4f (.data:ti_sysbios_family_arm_m3_Hwi_Module_State_0_excContext__A)
                  20002870    00000004     empty_pem4f.oem4f (.data:ti_sysbios_family_arm_m3_Hwi_Module_State_0_excStack__A)
                  20002874    00000004     empty_pem4f.oem4f (.data:ti_sysbios_gates_GateHwi_Object__table__V)
                  20002878    00000004     empty_pem4f.oem4f (.data:ti_sysbios_knl_Task_Module_State_0_idleTask__A)
                  2000287c    00000004     empty_pem4f.oem4f (.data:xdc_runtime_Memory_Module__state__V)
                  20002880    00000002     empty_pem4f.oem4f (.data:ti_sysbios_family_arm_m3_Hwi_Module_State_0_excActive__A)
                  20002882    00000002     empty_pem4f.oem4f (.data:xdc_runtime_Error_Module__state__V)

.bss       0    20002888    00001115     UNINITIALIZED
                  20002888    00000800     empty_pem4f.oem4f (.bss:taskStackSection)
                  20003088    00000400     (.common:ti_sysbios_heaps_HeapMem_Instance_State_0_buf__A)
                  20003488    00000360     (.common:ti_sysbios_family_arm_m3_Hwi_dispatchTable)
                  200037e8    00000120     rtsv7M4_T_le_v4SPD16_eabi.lib : trgmsg.obj (.bss:_CIOBUF_)
                  20003908    00000080     (.common:xdc_runtime_SysMin_Module_State_0_outbuf__A)
                  20003988    00000008     (.common:parmbuf)
                  20003990    00000004     (.common:delay)
                  20003994    00000004     (.common:ui32Period)
                  20003998    00000001     (.common:buzzer)
                  20003999    00000001     (.common:led1)
                  2000399a    00000001     (.common:led2)
                  2000399b    00000001     (.common:led3)
                  2000399c    00000001     (.common:led4)

.stack     0    200039a0    00000300     UNINITIALIZED
                  200039a0    00000300     --HOLE--

.bootVecs 
*          0    00000000    00000008     DSECT
                  00000000    00000008     boot.aem4f : boot.oem4f (.bootVecs)

.vecs      0    20000000    00000360     UNINITIALIZED
                  20000000    00000360     empty_pem4f.oem4f (.vecs)

xdc.meta   0    00000000    000000ff     COPY SECTION
                  00000000    000000ff     empty_pem4f.oem4f (xdc.meta)

MODULE SUMMARY

       Module                     code    ro data   rw data
       ------                     ----    -------   -------
    ./
       empty.obj                  2442    0         8209   
    +--+--------------------------+-------+---------+---------+
       Total:                     2442    0         8209   
                                                           
    /home/shinjan/Workspaces/CS684-2017/Experiments/empty_EK_TM4C123GXL_TI/Debug/configPkg/package/cfg/
       empty_pem4f.oem4f          1446    7586      6216   
    +--+--------------------------+-------+---------+---------+
       Total:                     1446    7586      6216   
                                                           
    /home/shinjan/Workspaces/CS684-2017/Experiments/empty_EK_TM4C123GXL_TI/src/sysbios/sysbios.aem4f
       BIOS.obj                   10140   0         0      
       m3_Hwi_asm.obj             314     0         0      
       m3_TaskSupport_asm.obj     180     0         0      
       m3_Hwi_asm_switch.obj      118     0         0      
    +--+--------------------------+-------+---------+---------+
       Total:                     10752   0         0      
                                                           
    /home/shinjan/ti/ccsv7/tools/compiler/ti-cgt-arm_16.9.6.LTS/lib/rtsv7M4_T_le_v4SPD16_eabi.lib
       trgmsg.obj                 104     0         288    
       memcpy_t2.obj              156     0         0      
       memset_t2.obj              122     0         0      
       copy_decompress_lzss.obj   104     0         0      
       exit.obj                   84      0         12     
       hostwrite.obj              88      0         0      
       cpy_tbl.obj                76      0         0      
       u_divt2.obj                64      0         0      
       _lock.obj                  20      0         8      
       args_main.obj              24      0         0      
       strlen.obj                 20      0         0      
       copy_decompress_none.obj   14      0         0      
       copy_zero_init.obj         12      0         0      
       hostopen.obj               0       0         8      
       stkdepth_vars.obj          0       0         4      
       i_div0.obj                 2       0         0      
    +--+--------------------------+-------+---------+---------+
       Total:                     890     0         320    
                                                           
    /home/shinjan/ti/tirtos_tivac_2_16_00_08/products/TivaWare_C_Series-2.1.1.71b/driverlib/ccs/Debug/driverlib.lib
       sysctl.obj                 566     108       0      
       gpio.obj                   418     0         0      
       adc.obj                    308     0         0      
       timer.obj                  140     0         0      
    +--+--------------------------+-------+---------+---------+
       Total:                     1432    108       0      
                                                           
    /home/shinjan/ti/tirtos_tivac_2_16_00_08/products/bios_6_45_01_29/packages/ti/catalog/arm/cortexm4/tiva/ce/lib/Boot.aem4f
       Boot_sysctl.oem4f          262     0         0      
       Boot.oem4f                 152     0         0      
    +--+--------------------------+-------+---------+---------+
       Total:                     414     0         0      
                                                           
    /home/shinjan/ti/tirtos_tivac_2_16_00_08/products/bios_6_45_01_29/packages/ti/targets/arm/rtsarm/lib/auto_init.aem4f
       auto_init.oem4f            160     0         0      
    +--+--------------------------+-------+---------+---------+
       Total:                     160     0         0      
                                                           
    /home/shinjan/ti/tirtos_tivac_2_16_00_08/products/bios_6_45_01_29/packages/ti/targets/arm/rtsarm/lib/boot.aem4f
       boot.oem4f                 88      0         0      
    +--+--------------------------+-------+---------+---------+
       Total:                     88      0         0      
                                                           
    /home/shinjan/ti/tirtos_tivac_2_16_00_08/products/bios_6_45_01_29/packages/ti/targets/arm/rtsarm/lib/ti.targets.arm.rtsarm.aem4f
       System.oem4f               1255    0         0      
       Text.oem4f                 672     0         0      
       Error.oem4f                524     0         0      
       Core-mem.oem4f             358     0         0      
       Startup.oem4f              328     0         0      
       SysMin.oem4f               248     0         0      
       Core-smem.oem4f            204     0         0      
       Memory.oem4f               176     0         0      
       Assert.oem4f               84      0         0      
       Core-params.oem4f          70      0         0      
       Core-label.oem4f           52      0         0      
       Registry.oem4f             32      0         0      
       Gate.oem4f                 28      0         0      
    +--+--------------------------+-------+---------+---------+
       Total:                     4031    0         0      
                                                           
       Stack:                     0       0         768    
       Linker Generated:          0       2685      0      
    +--+--------------------------+-------+---------+---------+
       Grand Total:               21655   10379     15513  


LINKER GENERATED COPY TABLES

__TI_cinit_table @ 00007da8 records: 3, size/record: 8, table size: 24
	.data: load addr=00007340, load size=00000a49 bytes, run addr=20000360, run size=00002524 bytes, compression=lzss
	.bss: load addr=00007d98, load size=00000008 bytes, run addr=20002888, run size=00001115 bytes, compression=zero_init
	.vecs: load addr=00007da0, load size=00000008 bytes, run addr=20000000, run size=00000360 bytes, compression=zero_init


LINKER GENERATED HANDLER TABLE

__TI_handler_table @ 00007d8c records: 3, size/record: 4, table size: 12
	index: 0, handler: __TI_decompress_lzss
	index: 1, handler: __TI_decompress_none
	index: 2, handler: __TI_zero_init


GLOBAL SYMBOLS: SORTED ALPHABETICALLY BY Name 

address   name                                                              
-------   ----                                                              
000054d1  ADCIntClear                                                       
00004b21  ADCIntStatus                                                      
0000512d  ADCProcessorTrigger                                               
000045a9  ADCSequenceConfigure                                              
00004f59  ADCSequenceDataGet                                                
00005401  ADCSequenceEnable                                                 
000033ad  ADCSequenceStepConfigure                                          
00007108  ADCsem                                                            
00003f45  C$$EXIT                                                           
00003913  C$$IO$$                                                           
0000710c  GLCDsem                                                           
00004c01  GPIODirModeSet                                                    
00001d05  GPIOPadConfigSet                                                  
000039b3  GPIOPinRead                                                       
000052cd  GPIOPinTypeADC                                                    
000052df  GPIOPinTypeGPIOInput                                              
00005145  GPIOPinTypeGPIOOutput                                             
00005303  GPIOPinWrite                                                      
00003e95  HOSTwrite                                                         
UNDEFED   SHT$$INIT_ARRAY$$Base                                             
UNDEFED   SHT$$INIT_ARRAY$$Limit                                            
00007110  SWITCHsem                                                         
00001f4d  SysCtlClockGet                                                    
00002641  SysCtlClockSet                                                    
0000542b  SysCtlDelay                                                       
000047c9  SysCtlPeripheralEnable                                            
00003a85  TimerConfigure                                                    
0000540f  TimerEnable                                                       
00000add  TimerIntClear                                                     
000054ef  TimerIntEnable                                                    
000052f1  TimerLoadSet                                                      
00007120  Timer_2A_INT                                                      
00003ae5  Timer_ISR                                                         
00000000  __ASM__                                                           
200037e8  __CIOBUF_                                                         
0000007d  __ISA__                                                           
00000090  __PLAT__                                                          
20003ca0  __STACK_END                                                       
00000300  __STACK_SIZE                                                      
000000b1  __TARG__                                                          
00007da8  __TI_CINIT_Base                                                   
00007dc0  __TI_CINIT_Limit                                                  
00007d8c  __TI_Handler_Table_Base                                           
00007d98  __TI_Handler_Table_Limit                                          
00002dd9  __TI_auto_init                                                    
200027e8  __TI_cleanup_ptr                                                  
000037ad  __TI_decompress_lzss                                              
0000541d  __TI_decompress_none                                              
200027ec  __TI_dtors_ptr                                                    
200027f0  __TI_enable_exit_profile_output                                   
ffffffff  __TI_pprof_out_hndl                                               
ffffffff  __TI_prof_data_size                                               
ffffffff  __TI_prof_data_start                                              
00003917  __TI_readmsg                                                      
00007340  __TI_static_base__                                                
000038e5  __TI_writemsg                                                     
0000545d  __TI_zero_init                                                    
000000d7  __TRDR__                                                          
000030ef  __aeabi_idiv0                                                     
00003427  __aeabi_memclr                                                    
00003427  __aeabi_memclr4                                                   
00003427  __aeabi_memclr8                                                   
00002f19  __aeabi_memcpy                                                    
00002f19  __aeabi_memcpy4                                                   
00002f19  __aeabi_memcpy8                                                   
00003429  __aeabi_memset                                                    
00003429  __aeabi_memset4                                                   
00003429  __aeabi_memset8                                                   
00004529  __aeabi_uidiv                                                     
00004529  __aeabi_uidivmod                                                  
ffffffff  __binit__                                                         
ffffffff  __c_args__                                                        
200039a0  __stack                                                           
0000515d  _args_main                                                        
00003e3d  _c_int00                                                          
2000280c  _lock                                                             
0000525f  _nop                                                              
00005257  _register_lock                                                    
00005251  _register_unlock                                                  
20002810  _unlock                                                           
00003f49  abort                                                             
ffffffff  binit                                                             
20003998  buzzer                                                            
000040e1  copy_in                                                           
20003990  delay                                                             
20000360  eight                                                             
00003f51  exit                                                              
20000760  five                                                              
20000b60  four                                                              
00003de1  glcd_cleardisplay                                                 
00003815  glcd_cmd                                                          
0000387d  glcd_data                                                         
000034a1  glcd_init                                                         
00004269  glcd_setcolumn                                                    
000045e9  glcd_setpage                                                      
20003999  led1                                                              
2000399a  led2                                                              
2000399b  led3                                                              
2000399c  led4                                                              
00001249  main                                                              
20002868  main_func_sp                                                      
00002f19  memcpy                                                            
0000342f  memset                                                            
20000f60  one                                                               
000053a1  osi_TaskDisable                                                   
00005341  osi_start                                                         
20003988  parmbuf                                                           
0000332d  readADC                                                           
00007114  readADCtask                                                       
00007118  readSWITCHtask                                                    
00002059  readSwitch                                                        
20001360  seven                                                             
20001760  six                                                               
00005265  strlen                                                            
20001b60  three                                                             
000071b0  ti_catalog_arm_cortexm4_tiva_ce_Boot_A_mustUseEnhancedClockMode__C
000071b4  ti_catalog_arm_cortexm4_tiva_ce_Boot_Module__diagsEnabled__C      
000071b8  ti_catalog_arm_cortexm4_tiva_ce_Boot_Module__diagsIncluded__C     
000071bc  ti_catalog_arm_cortexm4_tiva_ce_Boot_Module__diagsMask__C         
00006eda  ti_catalog_arm_cortexm4_tiva_ce_Boot_Module__id__C                
00005451  ti_catalog_arm_cortexm4_tiva_ce_Boot_init__I                      
0000215d  ti_catalog_arm_cortexm4_tiva_ce_Boot_sysCtlClockSetI__I           
000030f1  ti_catalog_arm_cortexm4_tiva_ce_Boot_sysCtlClockSet__E            
00005511  ti_catalog_arm_cortexm4_tiva_ce_Boot_sysCtlDelayI__I              
20002778  ti_sysbios_BIOS_Module__state__V                                  
00005091  ti_sysbios_BIOS_RtsGateProxy_Handle__label__S                     
00004d5d  ti_sysbios_BIOS_RtsGateProxy_Object__delete__S                    
0000145d  ti_sysbios_BIOS_RtsGateProxy_enter__E                             
0000165d  ti_sysbios_BIOS_RtsGateProxy_leave__E                             
00005551  ti_sysbios_BIOS_RtsGateProxy_query__E                             
0000490d  ti_sysbios_BIOS_atExitFunc__I                                     
00004ccd  ti_sysbios_BIOS_errorRaiseHook__I                                 
00005239  ti_sysbios_BIOS_exitFunc__I                                       
00003667  ti_sysbios_BIOS_nullFunc__I                                       
00004cf1  ti_sysbios_BIOS_registerRTSLock__I                                
00004d15  ti_sysbios_BIOS_removeRTSLock__I                                  
00004e35  ti_sysbios_BIOS_rtsLock__I                                        
00005175  ti_sysbios_BIOS_rtsUnlock__I                                      
00005331  ti_sysbios_BIOS_setThreadType__E                                  
00004d39  ti_sysbios_BIOS_startFunc__I                                      
00005341  ti_sysbios_BIOS_start__E                                          
200026bc  ti_sysbios_family_arm_lm4_Timer_Module_State_0_device__A          
200027b8  ti_sysbios_family_arm_lm4_Timer_Module_State_0_handles__A         
0000518d  ti_sysbios_family_arm_lm4_Timer_Module__startupDone__F            
0000518d  ti_sysbios_family_arm_lm4_Timer_Module__startupDone__S            
200027f4  ti_sysbios_family_arm_lm4_Timer_Module__state__V                  
000039b9  ti_sysbios_family_arm_lm4_Timer_Module_startup__E                 
200025d4  ti_sysbios_family_arm_lm4_Timer_Object__table__V                  
000071c0  ti_sysbios_family_arm_lm4_Timer_enableFunc__C                     
00002c89  ti_sysbios_family_arm_lm4_Timer_enableTimers__I                   
00002bd9  ti_sysbios_family_arm_lm4_Timer_enableTiva__I                     
00005469  ti_sysbios_family_arm_lm4_Timer_getMaxTicks__E                    
00003b49  ti_sysbios_family_arm_lm4_Timer_isrStub__E                        
000054f7  ti_sysbios_family_arm_lm4_Timer_masterDisable__I                  
000017d5  ti_sysbios_family_arm_lm4_Timer_masterEnable__I                   
000071c4  ti_sysbios_family_arm_lm4_Timer_numTimerDevices__C                
00001a89  ti_sysbios_family_arm_lm4_Timer_start__E                          
000071c8  ti_sysbios_family_arm_lm4_Timer_startupNeeded__C                  
00004569  ti_sysbios_family_arm_lm4_Timer_startup__E                        
00004941  ti_sysbios_family_arm_lm4_Timer_stop__E                           
00004df1  ti_sysbios_family_arm_lm4_Timer_write__I                          
000071cc  ti_sysbios_family_arm_m3_Hwi_E_NMI__C                             
000071d0  ti_sysbios_family_arm_m3_Hwi_E_busFault__C                        
000071d4  ti_sysbios_family_arm_m3_Hwi_E_debugMon__C                        
000071d8  ti_sysbios_family_arm_m3_Hwi_E_hardFault__C                       
000071dc  ti_sysbios_family_arm_m3_Hwi_E_memFault__C                        
000071e0  ti_sysbios_family_arm_m3_Hwi_E_noIsr__C                           
000071e4  ti_sysbios_family_arm_m3_Hwi_E_reserved__C                        
000071e8  ti_sysbios_family_arm_m3_Hwi_E_svCall__C                          
000071ec  ti_sysbios_family_arm_m3_Hwi_E_usageFault__C                      
0000505d  ti_sysbios_family_arm_m3_Hwi_Handle__label__S                     
20002880  ti_sysbios_family_arm_m3_Hwi_Module_State_0_excActive__A          
2000286c  ti_sysbios_family_arm_m3_Hwi_Module_State_0_excContext__A         
20002870  ti_sysbios_family_arm_m3_Hwi_Module_State_0_excStack__A           
00007320  ti_sysbios_family_arm_m3_Hwi_Module__id__C                        
000051a5  ti_sysbios_family_arm_m3_Hwi_Module__startupDone__F               
000051a5  ti_sysbios_family_arm_m3_Hwi_Module__startupDone__S               
20002688  ti_sysbios_family_arm_m3_Hwi_Module__state__V                     
00003ff1  ti_sysbios_family_arm_m3_Hwi_Module_startup__E                    
000071f0  ti_sysbios_family_arm_m3_Hwi_NUM_INTERRUPTS__C                    
000071f4  ti_sysbios_family_arm_m3_Hwi_Object__count__C                     
00005279  ti_sysbios_family_arm_m3_Hwi_Object__get__S                       
200026ec  ti_sysbios_family_arm_m3_Hwi_Object__table__V                     
000071f8  ti_sysbios_family_arm_m3_Hwi_ccr__C                               
000042b1  ti_sysbios_family_arm_m3_Hwi_disableInterrupt__E                  
00003a21  ti_sysbios_family_arm_m3_Hwi_dispatchC__I                         
20003488  ti_sysbios_family_arm_m3_Hwi_dispatchTable                        
0000254d  ti_sysbios_family_arm_m3_Hwi_dispatch__I                          
00005501  ti_sysbios_family_arm_m3_Hwi_doSwiRestore__I                      
00005519  ti_sysbios_family_arm_m3_Hwi_doTaskRestore__I                     
000042f9  ti_sysbios_family_arm_m3_Hwi_enableInterrupt__E                   
00001661  ti_sysbios_family_arm_m3_Hwi_excBusFault__I                       
000028e9  ti_sysbios_family_arm_m3_Hwi_excDebugMon__I                       
00000041  ti_sysbios_family_arm_m3_Hwi_excDumpRegs__I                       
00004e55  ti_sysbios_family_arm_m3_Hwi_excHandlerAsm__I                     
000071fc  ti_sysbios_family_arm_m3_Hwi_excHandlerFunc__C                    
00001461  ti_sysbios_family_arm_m3_Hwi_excHandlerMax__I                     
00004e79  ti_sysbios_family_arm_m3_Hwi_excHandler__I                        
000029a9  ti_sysbios_family_arm_m3_Hwi_excHardFault__I                      
00007190  ti_sysbios_family_arm_m3_Hwi_excHookFuncs__A                      
00007200  ti_sysbios_family_arm_m3_Hwi_excHookFuncs__C                      
00001941  ti_sysbios_family_arm_m3_Hwi_excMemFault__I                       
00004801  ti_sysbios_family_arm_m3_Hwi_excNmi__I                            
000046e9  ti_sysbios_family_arm_m3_Hwi_excNoIsr__I                          
00004341  ti_sysbios_family_arm_m3_Hwi_excReserved__I                       
00004629  ti_sysbios_family_arm_m3_Hwi_excSvCall__I                         
000017d9  ti_sysbios_family_arm_m3_Hwi_excUsageFault__I                     
000043d1  ti_sysbios_family_arm_m3_Hwi_getStackInfo__E                      
00003189  ti_sysbios_family_arm_m3_Hwi_initNVIC__E                          
00003eed  ti_sysbios_family_arm_m3_Hwi_initStacks__E                        
00007204  ti_sysbios_family_arm_m3_Hwi_nullIsrFunc__C                       
e000e000  ti_sysbios_family_arm_m3_Hwi_nvic                                 
00004c81  ti_sysbios_family_arm_m3_Hwi_pendSV__I                            
000032a9  ti_sysbios_family_arm_m3_Hwi_postInit__I                          
00007208  ti_sysbios_family_arm_m3_Hwi_priGroup__C                          
20000000  ti_sysbios_family_arm_m3_Hwi_ramVectors                           
00000000  ti_sysbios_family_arm_m3_Hwi_resetVectors                         
00004ca5  ti_sysbios_family_arm_m3_Hwi_return                               
00005509  ti_sysbios_family_arm_m3_Hwi_startup__E                           
00005291  ti_sysbios_family_arm_m3_Hwi_switchFromBootStack__E               
0000193d  ti_sysbios_family_arm_m3_TaskSupport_Module__startupDone__S       
0000321d  ti_sysbios_family_arm_m3_TaskSupport_buildTaskStack               
00005479  ti_sysbios_family_arm_m3_TaskSupport_checkStack__E                
00005351  ti_sysbios_family_arm_m3_TaskSupport_glue                         
00004971  ti_sysbios_family_arm_m3_TaskSupport_start__E                     
000051bd  ti_sysbios_family_arm_m3_TaskSupport_swap__E                      
00004f77  ti_sysbios_family_xxx_Hwi_switchAndRunFunc                        
00005077  ti_sysbios_gates_GateHwi_Handle__label__S                         
00005561  ti_sysbios_gates_GateHwi_Instance_init__E                         
00006fb8  ti_sysbios_gates_GateHwi_Module__FXNS__C                          
20002814  ti_sysbios_gates_GateHwi_Module__root__V                          
00007048  ti_sysbios_gates_GateHwi_Object__DESC__C                          
00007124  ti_sysbios_gates_GateHwi_Object__PARAMS__C                        
000049a1  ti_sysbios_gates_GateHwi_Object__create__S                        
00004e99  ti_sysbios_gates_GateHwi_Object__delete__S                        
20002874  ti_sysbios_gates_GateHwi_Object__table__V                         
00005489  ti_sysbios_gates_GateHwi_enter__E                                 
00005521  ti_sysbios_gates_GateHwi_leave__E                                 
00005549  ti_sysbios_gates_GateHwi_query__E                                 
0000720c  ti_sysbios_gates_GateMutex_A_badContext__C                        
00005091  ti_sysbios_gates_GateMutex_Handle__label__S                       
00007210  ti_sysbios_gates_GateMutex_Instance_State_sem__O                  
00005361  ti_sysbios_gates_GateMutex_Instance_finalize__E                   
00004f99  ti_sysbios_gates_GateMutex_Instance_init__E                       
00006fdc  ti_sysbios_gates_GateMutex_Module__FXNS__C                        
00007214  ti_sysbios_gates_GateMutex_Module__diagsEnabled__C                
[...]
00005431  ti_sysbios_knl_Idle_loop__E                                       
00005441  ti_sysbios_knl_Queue_empty__E                                     
00005451  ti_catalog_arm_cortexm4_tiva_ce_Boot_init__I                      
0000545d  __TI_zero_init                                                    
00005469  ti_sysbios_family_arm_lm4_Timer_getMaxTicks__E                    
00005479  ti_sysbios_family_arm_m3_TaskSupport_checkStack__E                
00005479  ti_sysbios_knl_Task_SupportProxy_checkStack__E                    
00005489  ti_sysbios_gates_GateHwi_enter__E                                 
00005495  ti_sysbios_knl_Queue_Object__get__S                               
000054a1  xdc_runtime_Error_init__E                                         
000054ad  xdc_runtime_Gate_enterSystem__E                                   
000054b9  xdc_runtime_Memory_calloc__E                                      
000054c5  xdc_runtime_Memory_getMaxDefaultTypeAlign__E                      
000054d1  ADCIntClear                                                       
000054db  xdc_runtime_Memory_HeapProxy_alloc__E                             
000054e5  xdc_runtime_Memory_HeapProxy_free__E                              
000054ef  TimerIntEnable                                                    
000054f7  ti_sysbios_family_arm_lm4_Timer_masterDisable__I                  
00005501  ti_sysbios_family_arm_m3_Hwi_doSwiRestore__I                      
00005509  ti_sysbios_family_arm_m3_Hwi_startup__E                           
00005509  ti_sysbios_hal_Hwi_HwiProxy_startup__E                            
00005509  ti_sysbios_hal_Hwi_startup__E                                     
00005511  ti_catalog_arm_cortexm4_tiva_ce_Boot_sysCtlDelayI__I              
00005519  ti_sysbios_family_arm_m3_Hwi_doTaskRestore__I                     
00005521  ti_sysbios_gates_GateHwi_leave__E                                 
00005529  ti_sysbios_heaps_HeapMem_isBlocking__E                            
00005531  ti_sysbios_knl_Queue_Instance_init__E                             
00005539  ti_sysbios_knl_Swi_startup__E                                     
0000553f  xdc_runtime_System_Module_startup__E                              
00005549  ti_sysbios_gates_GateHwi_query__E                                 
00005549  xdc_runtime_Main_Module_GateProxy_query__E                        
00005549  xdc_runtime_System_Module_GateProxy_query__E                      
00005551  ti_sysbios_BIOS_RtsGateProxy_query__E                             
00005551  ti_sysbios_gates_GateMutex_query__E                               
00005551  ti_sysbios_heaps_HeapMem_Module_GateProxy_query__E                
00005559  ti_sysbios_knl_Task_startup__E                                    
00005561  ti_sysbios_gates_GateHwi_Instance_init__E                         
00005569  ti_sysbios_knl_Clock_logTick__E                                   
0000556c  xdc_runtime_Text_charTab__A                                       
00006e1d  xdc_runtime_Error_policy__C                                       
00006e1e  xdc_runtime_Text_nodeTab__A                                       
00006eda  ti_catalog_arm_cortexm4_tiva_ce_Boot_Module__id__C                
00006f90  ti_sysbios_heaps_HeapMem_Module__FXNS__C                          
00006fb8  ti_sysbios_gates_GateHwi_Module__FXNS__C                          
00006fdc  ti_sysbios_gates_GateMutex_Module__FXNS__C                        
00007000  ti_sysbios_heaps_HeapMem_Object__PARAMS__C                        
00007024  ti_sysbios_knl_Semaphore_Object__PARAMS__C                        
00007048  ti_sysbios_gates_GateHwi_Object__DESC__C                          
00007068  ti_sysbios_gates_GateMutex_Object__DESC__C                        
00007088  ti_sysbios_heaps_HeapMem_Object__DESC__C                          
000070a8  ti_sysbios_knl_Queue_Object__DESC__C                              
000070c8  ti_sysbios_knl_Semaphore_Object__DESC__C                          
000070e8  xdc_runtime_Startup_sfxnTab__A                                    
00007108  ADCsem                                                            
0000710c  GLCDsem                                                           
00007110  SWITCHsem                                                         
00007114  readADCtask                                                       
00007118  readSWITCHtask                                                    
0000711c  updateGLCDtask                                                    
00007120  Timer_2A_INT                                                      
00007124  ti_sysbios_gates_GateHwi_Object__PARAMS__C                        
0000713c  ti_sysbios_gates_GateMutex_Object__PARAMS__C                      
00007154  ti_sysbios_knl_Queue_Object__PARAMS__C                            
0000716c  xdc_runtime_Startup_firstFxns__A                                  
00007180  xdc_runtime_Startup_sfxnRts__A                                    
00007190  ti_sysbios_family_arm_m3_Hwi_excHookFuncs__A                      
00007198  ti_sysbios_knl_Idle_funcList__C                                   
000071a0  xdc_runtime_Startup_firstFxns__C                                  
000071a8  xdc_runtime_Startup_lastFxns__C                                   
000071b0  ti_catalog_arm_cortexm4_tiva_ce_Boot_A_mustUseEnhancedClockMode__C
000071b4  ti_catalog_arm_cortexm4_tiva_ce_Boot_Module__diagsEnabled__C      
000071b8  ti_catalog_arm_cortexm4_tiva_ce_Boot_Module__diagsIncluded__C     
000071bc  ti_catalog_arm_cortexm4_tiva_ce_Boot_Module__diagsMask__C         
000071c0  ti_sysbios_family_arm_lm4_Timer_enableFunc__C                     
000071c4  ti_sysbios_family_arm_lm4_Timer_numTimerDevices__C                
000071c8  ti_sysbios_family_arm_lm4_Timer_startupNeeded__C                  
000071cc  ti_sysbios_family_arm_m3_Hwi_E_NMI__C                             
000071d0  ti_sysbios_family_arm_m3_Hwi_E_busFault__C                        
000071d4  ti_sysbios_family_arm_m3_Hwi_E_debugMon__C                        
000071d8  ti_sysbios_family_arm_m3_Hwi_E_hardFault__C                       
000071dc  ti_sysbios_family_arm_m3_Hwi_E_memFault__C                        
000071e0  ti_sysbios_family_arm_m3_Hwi_E_noIsr__C                           
000071e4  ti_sysbios_family_arm_m3_Hwi_E_reserved__C                        
000071e8  ti_sysbios_family_arm_m3_Hwi_E_svCall__C                          
000071ec  ti_sysbios_family_arm_m3_Hwi_E_usageFault__C                      
000071f0  ti_sysbios_family_arm_m3_Hwi_NUM_INTERRUPTS__C                    
000071f4  ti_sysbios_family_arm_m3_Hwi_Object__count__C                     
000071f8  ti_sysbios_family_arm_m3_Hwi_ccr__C                               
000071fc  ti_sysbios_family_arm_m3_Hwi_excHandlerFunc__C                    
00007200  ti_sysbios_family_arm_m3_Hwi_excHookFuncs__C                      
00007204  ti_sysbios_family_arm_m3_Hwi_nullIsrFunc__C                       
00007208  ti_sysbios_family_arm_m3_Hwi_priGroup__C                          
0000720c  ti_sysbios_gates_GateMutex_A_badContext__C                        
00007210  ti_sysbios_gates_GateMutex_Instance_State_sem__O                  
00007214  ti_sysbios_gates_GateMutex_Module__diagsEnabled__C                
00007218  ti_sysbios_gates_GateMutex_Module__diagsIncluded__C               
0000721c  ti_sysbios_gates_GateMutex_Module__diagsMask__C                   
00007220  ti_sysbios_hal_Hwi_E_stackOverflow__C                             
00007224  ti_sysbios_heaps_HeapMem_A_align__C                               
00007228  ti_sysbios_heaps_HeapMem_A_heapSize__C                            
0000722c  ti_sysbios_heaps_HeapMem_A_invalidFree__C                         
00007230  ti_sysbios_heaps_HeapMem_A_zeroBlock__C                           
00007234  ti_sysbios_heaps_HeapMem_E_memory__C                              
00007238  ti_sysbios_heaps_HeapMem_Module__diagsEnabled__C                  
0000723c  ti_sysbios_heaps_HeapMem_Module__diagsIncluded__C                 
00007240  ti_sysbios_heaps_HeapMem_Module__diagsMask__C                     
00007244  ti_sysbios_heaps_HeapMem_Module__gateObj__C                       
00007248  ti_sysbios_heaps_HeapMem_Object__count__C                         
0000724c  ti_sysbios_heaps_HeapMem_reqAlign__C                              
00007250  ti_sysbios_knl_Clock_Module_State_clockQ__O                       
00007254  ti_sysbios_knl_Idle_funcList__A                                   
00007258  ti_sysbios_knl_Semaphore_A_badContext__C                          
0000725c  ti_sysbios_knl_Semaphore_A_noEvents__C                            
00007260  ti_sysbios_knl_Semaphore_A_overflow__C                            
00007264  ti_sysbios_knl_Semaphore_A_pendTaskDisabled__C                    
00007268  ti_sysbios_knl_Semaphore_Instance_State_pendQ__O                  
0000726c  ti_sysbios_knl_Semaphore_Module__diagsEnabled__C                  
00007270  ti_sysbios_knl_Semaphore_Module__diagsIncluded__C                 
00007274  ti_sysbios_knl_Semaphore_Module__diagsMask__C                     
00007278  ti_sysbios_knl_Swi_Object__count__C                               
0000727c  ti_sysbios_knl_Task_E_spOutOfBounds__C                            
00007280  ti_sysbios_knl_Task_E_stackOverflow__C                            
00007284  ti_sysbios_knl_Task_Module_State_inactiveQ__O                     
00007288  ti_sysbios_knl_Task_Object__count__C                              
0000728c  ti_sysbios_knl_Task_allBlockedFunc__C                             
00007290  ti_sysbios_knl_Task_numConstructedTasks__C                        
00007294  xdc_runtime_Assert_E_assertFailed__C                              
00007298  xdc_runtime_Core_A_initializedParams__C                           
0000729c  xdc_runtime_Core_Module__diagsEnabled__C                          
000072a0  xdc_runtime_Core_Module__diagsIncluded__C                         
000072a4  xdc_runtime_Core_Module__diagsMask__C                             
000072a8  xdc_runtime_Error_E_memory__C                                     
000072ac  xdc_runtime_Error_Module__diagsEnabled__C                         
000072b0  xdc_runtime_Error_Module__diagsIncluded__C                        
000072b4  xdc_runtime_Error_Module__diagsMask__C                            
000072b8  xdc_runtime_Error_Module__loggerFxn8__C                           
000072bc  xdc_runtime_Error_Module__loggerObj__C                            
000072c0  xdc_runtime_Error_policyFxn__C                                    
000072c4  xdc_runtime_Error_raiseHook__C                                    
000072c8  xdc_runtime_IGateProvider_Interface__BASE__C                      
000072cc  xdc_runtime_IHeap_Interface__BASE__C                              
000072d0  xdc_runtime_IModule_Interface__BASE__C                            
000072d4  xdc_runtime_Log_L_error__C                                        
000072d8  xdc_runtime_Memory_defaultHeapInstance__C                         
000072dc  xdc_runtime_Startup_execImpl__C                                   
000072e0  xdc_runtime_Startup_maxPasses__C                                  
000072e4  xdc_runtime_Startup_sfxnRts__C                                    
000072e8  xdc_runtime_Startup_sfxnTab__C                                    
000072ec  xdc_runtime_SysMin_bufSize__C                                     
000072f0  xdc_runtime_SysMin_outputFunc__C                                  
000072f4  xdc_runtime_System_Module__gateObj__C                             
000072f8  xdc_runtime_System_abortFxn__C                                    
000072fc  xdc_runtime_System_exitFxn__C                                     
00007300  xdc_runtime_System_extendFxn__C                                   
00007304  xdc_runtime_System_maxAtexitHandlers__C                           
00007308  xdc_runtime_Text_charTab__C                                       
0000730c  xdc_runtime_Text_nameEmpty__C                                     
00007310  xdc_runtime_Text_nameStatic__C                                    
00007314  xdc_runtime_Text_nameUnknown__C                                   
00007318  xdc_runtime_Text_nodeTab__C                                       
0000731c  xdc_runtime_Text_visitRopeFxn__C                                  
00007320  ti_sysbios_family_arm_m3_Hwi_Module__id__C                        
00007322  ti_sysbios_gates_GateMutex_Module__id__C                          
00007324  ti_sysbios_hal_Hwi_Module__id__C                                  
00007326  ti_sysbios_heaps_HeapMem_Module__id__C                            
00007328  ti_sysbios_knl_Semaphore_Module__id__C                            
0000732a  ti_sysbios_knl_Task_Module__id__C                                 
0000732c  xdc_runtime_Core_Module__id__C                                    
0000732e  xdc_runtime_Error_Module__loggerDefined__C                        
00007330  xdc_runtime_Error_maxDepth__C                                     
00007332  xdc_runtime_Memory_Module__id__C                                  
00007334  xdc_runtime_SysMin_flushAtExit__C                                 
00007336  xdc_runtime_Text_charCnt__C                                       
00007338  xdc_runtime_Text_isLoaded__C                                      
0000733a  xdc_runtime_Text_registryModsLastId__C                            
0000733c  xdc_runtime_Text_unnamedModsLastId__C                             
00007340  __TI_static_base__                                                
00007d8c  __TI_Handler_Table_Base                                           
00007d98  __TI_Handler_Table_Limit                                          
00007da8  __TI_CINIT_Base                                                   
00007dc0  __TI_CINIT_Limit                                                  
20000000  ti_sysbios_family_arm_m3_Hwi_ramVectors                           
20000360  eight                                                             
20000760  five                                                              
20000b60  four                                                              
20000f60  one                                                               
20001360  seven                                                             
20001760  six                                                               
20001b60  three                                                             
20001f60  two                                                               
20002360  ti_sysbios_knl_Task_Object__table__V                              
20002490  ti_sysbios_knl_Swi_Module_State_0_readyQ__A                       
20002510  ti_sysbios_knl_Task_Module_State_0_readyQ__A                      
20002590  ti_sysbios_knl_Task_Module__state__V                              
200025d4  ti_sysbios_family_arm_lm4_Timer_Object__table__V                  
20002614  ti_sysbios_knl_Semaphore_Object__table__V                         
20002650  ti_sysbios_gates_GateMutex_Object__table__V                       
20002688  ti_sysbios_family_arm_m3_Hwi_Module__state__V                     
200026bc  ti_sysbios_family_arm_lm4_Timer_Module_State_0_device__A          
200026ec  ti_sysbios_family_arm_m3_Hwi_Object__table__V                     
2000271c  ti_sysbios_knl_Swi_Object__table__V                               
2000274c  ti_sysbios_knl_Clock_Module__state__V                             
20002778  ti_sysbios_BIOS_Module__state__V                                  
2000279c  ti_sysbios_knl_Swi_Module__state__V                               
200027b8  ti_sysbios_family_arm_lm4_Timer_Module_State_0_handles__A         
200027d0  ti_sysbios_heaps_HeapMem_Object__table__V                         
200027e8  __TI_cleanup_ptr                                                  
200027ec  __TI_dtors_ptr                                                    
200027f0  __TI_enable_exit_profile_output                                   
200027f4  ti_sysbios_family_arm_lm4_Timer_Module__state__V                  
20002800  xdc_runtime_SysMin_Module__state__V                               
2000280c  _lock                                                             
20002810  _unlock                                                           
20002814  ti_sysbios_gates_GateHwi_Module__root__V                          
2000281c  ti_sysbios_gates_GateMutex_Module__root__V                        
20002824  ti_sysbios_hal_Hwi_Object__table__V                               
2000282c  ti_sysbios_heaps_HeapMem_Module__root__V                          
20002834  ti_sysbios_knl_Queue_Module__root__V                              
2000283c  ti_sysbios_knl_Semaphore_Module__root__V                          
20002844  xdc_runtime_Registry_Module__state__V                             
2000284c  xdc_runtime_Startup_Module__state__V                              
20002854  xdc_runtime_System_Module_State_0_atexitHandlers__A               
2000285c  xdc_runtime_System_Module__state__V                               
20002864  tickCount                                                         
20002868  main_func_sp                                                      
2000286c  ti_sysbios_family_arm_m3_Hwi_Module_State_0_excContext__A         
20002870  ti_sysbios_family_arm_m3_Hwi_Module_State_0_excStack__A           
20002874  ti_sysbios_gates_GateHwi_Object__table__V                         
20002878  ti_sysbios_knl_Task_Module_State_0_idleTask__A                    
2000287c  xdc_runtime_Memory_Module__state__V                               
20002880  ti_sysbios_family_arm_m3_Hwi_Module_State_0_excActive__A          
20002882  xdc_runtime_Error_Module__state__V                                
20002888  ti_sysbios_knl_Task_Instance_State_0_stack__A                     
20002a88  ti_sysbios_knl_Task_Instance_State_1_stack__A                     
20002c88  ti_sysbios_knl_Task_Instance_State_2_stack__A                     
20002e88  ti_sysbios_knl_Task_Instance_State_3_stack__A                     
20003088  ti_sysbios_heaps_HeapMem_Instance_State_0_buf__A                  
20003488  ti_sysbios_family_arm_m3_Hwi_dispatchTable                        
200037e8  __CIOBUF_                                                         
20003908  xdc_runtime_SysMin_Module_State_0_outbuf__A                       
20003988  parmbuf                                                           
20003990  delay                                                             
20003994  ui32Period                                                        
20003998  buzzer                                                            
20003999  led1                                                              
2000399a  led2                                                              
2000399b  led3                                                              
2000399c  led4                                                              
200039a0  __stack                                                           
20003ca0  __STACK_END                                                       
e000e000  ti_sysbios_family_arm_m3_Hwi_nvic                                 
ffffffff  __TI_pprof_out_hndl                                               
ffffffff  __TI_prof_data_size                                               
ffffffff  __TI_prof_data_start                                              
ffffffff  __binit__                                                         
ffffffff  __c_args__                                                        
ffffffff  binit                                                             
UNDEFED   SHT$$INIT_ARRAY$$Base                                             
UNDEFED   SHT$$INIT_ARRAY$$Limit                                            

[548 symbols]
