******************************************************************************
                  TI ARM Linker Unix v16.9.6                   
******************************************************************************
>> Linked Wed Feb 21 11:11:43 2018

OUTPUT FILE NAME:   <Lab 7.out>
ENTRY POINT SYMBOL: "_c_int00"  address: 00000f3d


MEMORY CONFIGURATION

         name            origin    length      used     unused   attr    fill
----------------------  --------  ---------  --------  --------  ----  --------
  FLASH                 00000000   00040000  00001a68  0003e598  R  X
  SRAM                  20000000   00008000  0000221d  00005de3  RW X


SEGMENT ALLOCATION MAP

run origin  load origin   length   init length attrs members
----------  ----------- ---------- ----------- ----- -------
00000000    00000000    00001a68   00001a68    r-x
  00000000    00000000    0000026c   0000026c    r-- .intvecs
  0000026c    0000026c    00000f84   00000f84    r-x .text
  000011f0    000011f0    00000878   00000878    r-- .cinit
20000000    20000000    0000221d   00000000    rw-
  20000000    20000000    00002018   00000000    rw- .data
  20002018    20002018    00000200   00000000    rw- .stack
  20002218    20002218    00000005   00000000    rw- .bss


SECTION ALLOCATION MAP

 output                                  attributes/
section   page    origin      length       input sections
--------  ----  ----------  ----------   ----------------
.intvecs   0    00000000    0000026c     
                  00000000    0000026c     tm4c123gh6pm_startup_ccs.obj (.intvecs)

.text      0    0000026c    00000f84     
                  0000026c    00000840     main.obj (.text)
                  00000aac    00000132     driverlib.lib : gpio.obj (.text:GPIOPadConfigSet)
                  00000bde    00000002     rtsv7M4_T_le_v4SPD16_eabi.lib : mpu_init.obj (.text)
                  00000be0    000000f4     driverlib.lib : sysctl.obj (.text:SysCtlClockSet)
                  00000cd4    0000009c     rtsv7M4_T_le_v4SPD16_eabi.lib : memcpy_t2.obj (.text)
                  00000d70    0000007a     driverlib.lib : adc.obj (.text:ADCSequenceStepConfigure)
                  00000dea    0000007a     rtsv7M4_T_le_v4SPD16_eabi.lib : memset_t2.obj (.text)
                  00000e64    00000070                                   : autoinit.obj (.text)
                  00000ed4    00000068                                   : copy_decompress_lzss.obj (.text:decompress:lzss)
                  00000f3c    00000054                                   : boot.obj (.text)
                  00000f90    00000054                                   : exit.obj (.text)
                  00000fe4    0000004c                                   : cpy_tbl.obj (.text)
                  00001030    0000003e     driverlib.lib : adc.obj (.text:ADCSequenceConfigure)
                  0000106e    00000002     rtsv7M4_T_le_v4SPD16_eabi.lib : startup.obj (.text)
                  00001070    00000034     driverlib.lib : sysctl.obj (.text:SysCtlPeripheralEnable)
                  000010a4    0000002e                   : adc.obj (.text:ADCIntStatus)
                  000010d2    0000002a                   : gpio.obj (.text:GPIODirModeSet)
                  000010fc    0000001e                   : adc.obj (.text:ADCSequenceDataGet)
                  0000111a    00000018                   : adc.obj (.text:ADCProcessorTrigger)
                  00001132    00000018                   : gpio.obj (.text:GPIOPinTypeGPIOOutput)
                  0000114a    00000002     --HOLE-- [fill = 0]
                  0000114c    00000018     rtsv7M4_T_le_v4SPD16_eabi.lib : args_main.obj (.text)
                  00001164    00000014                                   : _lock.obj (.text)
                  00001178    00000012     driverlib.lib : gpio.obj (.text:GPIOPinTypeADC)
                  0000118a    00000012                   : gpio.obj (.text:GPIOPinTypeGPIOInput)
                  0000119c    0000000e                   : adc.obj (.text:ADCSequenceEnable)
                  000011aa    0000000e     rtsv7M4_T_le_v4SPD16_eabi.lib : copy_decompress_none.obj (.text:decompress:none)
                  000011b8    0000000c                                   : copy_zero_init.obj (.text:decompress:ZI)
                  000011c4    0000000c     tm4c123gh6pm_startup_ccs.obj (.text)
                  000011d0    0000000a     driverlib.lib : adc.obj (.text:ADCIntClear)
                  000011da    00000006                   : gpio.obj (.text:GPIOPinRead)
                  000011e0    00000006                   : gpio.obj (.text:GPIOPinWrite)
                  000011e6    00000006                   : sysctl.obj (.text:SysCtlDelay)
                  000011ec    00000004     rtsv7M4_T_le_v4SPD16_eabi.lib : pre_init.obj (.text)

.cinit     0    000011f0    00000878     
                  000011f0    00000852     (.cinit..data.load) [load image, compression = lzss]
                  00001a42    00000002     --HOLE-- [fill = 0]
                  00001a44    0000000c     (__TI_handler_table)
                  00001a50    00000008     (.cinit..bss.load) [load image, compression = zero_init]
                  00001a58    00000010     (__TI_cinit_table)

.init_array 
*          0    00000000    00000000     UNINITIALIZED

.data      0    20000000    00002018     UNINITIALIZED
                  20000000    00000400     main.obj (.data:eight)
                  20000400    00000400     main.obj (.data:five)
                  20000800    00000400     main.obj (.data:four)
                  20000c00    00000400     main.obj (.data:one)
                  20001000    00000400     main.obj (.data:seven)
                  20001400    00000400     main.obj (.data:six)
                  20001800    00000400     main.obj (.data:three)
                  20001c00    00000400     main.obj (.data:two)
                  20002000    0000000c     rtsv7M4_T_le_v4SPD16_eabi.lib : exit.obj (.data:$O1$$)
                  2000200c    00000008                                   : _lock.obj (.data:$O1$$)
                  20002014    00000004                                   : stkdepth_vars.obj (.data)

.bss       0    20002218    00000005     UNINITIALIZED
                  20002218    00000001     (.common:buzzer)
                  20002219    00000001     (.common:led1)
                  2000221a    00000001     (.common:led2)
                  2000221b    00000001     (.common:led3)
                  2000221c    00000001     (.common:led4)

.stack     0    20002018    00000200     UNINITIALIZED
                  20002018    00000200     --HOLE--

MODULE SUMMARY

       Module                         code   ro data   rw data
       ------                         ----   -------   -------
    ./
       main.obj                       2112   0         8197   
       tm4c123gh6pm_startup_ccs.obj   12     620       0      
    +--+------------------------------+------+---------+---------+
       Total:                         2124   620       8197   
                                                              
    /home/shinjan/ti/TivaWare_C_Series-2.1.2.111/driverlib/ccs/Debug/driverlib.lib
       gpio.obj                       420    0         0      
       adc.obj                        308    0         0      
       sysctl.obj                     302    0         0      
    +--+------------------------------+------+---------+---------+
       Total:                         1030   0         0      
                                                              
    /home/shinjan/ti/ccsv7/tools/compiler/ti-cgt-arm_16.9.6.LTS/lib/rtsv7M4_T_le_v4SPD16_eabi.lib
       memcpy_t2.obj                  156    0         0      
       memset_t2.obj                  122    0         0      
       autoinit.obj                   112    0         0      
       copy_decompress_lzss.obj       104    0         0      
       exit.obj                       84     0         12     
       boot.obj                       84     0         0      
       cpy_tbl.obj                    76     0         0      
       _lock.obj                      20     0         8      
       args_main.obj                  24     0         0      
       copy_decompress_none.obj       14     0         0      
       copy_zero_init.obj             12     0         0      
       pre_init.obj                   4      0         0      
       stkdepth_vars.obj              0      0         4      
       mpu_init.obj                   2      0         0      
       startup.obj                    2      0         0      
    +--+------------------------------+------+---------+---------+
       Total:                         816    0         24     
                                                              
       Stack:                         0      0         512    
       Linker Generated:              0      2166      0      
    +--+------------------------------+------+---------+---------+
       Grand Total:                   3970   2786      8733   


LINKER GENERATED COPY TABLES

__TI_cinit_table @ 00001a58 records: 2, size/record: 8, table size: 16
	.data: load addr=000011f0, load size=00000852 bytes, run addr=20000000, run size=00002018 bytes, compression=lzss
	.bss: load addr=00001a50, load size=00000008 bytes, run addr=20002218, run size=00000005 bytes, compression=zero_init


LINKER GENERATED HANDLER TABLE

__TI_handler_table @ 00001a44 records: 3, size/record: 4, table size: 12
	index: 0, handler: __TI_decompress_lzss
	index: 1, handler: __TI_decompress_none
	index: 2, handler: __TI_zero_init


GLOBAL SYMBOLS: SORTED ALPHABETICALLY BY Name 

address   name                           
-------   ----                           
000011d1  ADCIntClear                    
000010a5  ADCIntStatus                   
0000111b  ADCProcessorTrigger            
00001031  ADCSequenceConfigure           
000010fd  ADCSequenceDataGet             
0000119d  ADCSequenceEnable              
00000d71  ADCSequenceStepConfigure       
00000f91  C$$EXIT                        
000010d3  GPIODirModeSet                 
00000aad  GPIOPadConfigSet               
000011db  GPIOPinRead                    
00001179  GPIOPinTypeADC                 
0000118b  GPIOPinTypeGPIOInput           
00001133  GPIOPinTypeGPIOOutput          
000011e1  GPIOPinWrite                   
000011c5  ResetISR                       
UNDEFED   SHT$$INIT_ARRAY$$Base          
UNDEFED   SHT$$INIT_ARRAY$$Limit         
00000be1  SysCtlClockSet                 
000011e7  SysCtlDelay                    
00001071  SysCtlPeripheralEnable         
20002218  __STACK_END                    
00000200  __STACK_SIZE                   
20002218  __STACK_TOP                    
00001a58  __TI_CINIT_Base                
00001a68  __TI_CINIT_Limit               
00001a44  __TI_Handler_Table_Base        
00001a50  __TI_Handler_Table_Limit       
00000e65  __TI_auto_init                 
20002000  __TI_cleanup_ptr               
00000ed5  __TI_decompress_lzss           
000011ab  __TI_decompress_none           
20002004  __TI_dtors_ptr                 
20002008  __TI_enable_exit_profile_output
ffffffff  __TI_pprof_out_hndl            
ffffffff  __TI_prof_data_size            
ffffffff  __TI_prof_data_start           
00000000  __TI_static_base__             
000011b9  __TI_zero_init                 
00000deb  __aeabi_memclr                 
00000deb  __aeabi_memclr4                
00000deb  __aeabi_memclr8                
00000cd5  __aeabi_memcpy                 
00000cd5  __aeabi_memcpy4                
00000cd5  __aeabi_memcpy8                
00000ded  __aeabi_memset                 
00000ded  __aeabi_memset4                
00000ded  __aeabi_memset8                
ffffffff  __binit__                      
ffffffff  __c_args__                     
00000bdf  __mpu_init                     
20002018  __stack                        
0000114d  _args_main                     
00000f3d  _c_int00                       
2000200c  _lock                          
00001173  _nop                           
0000116b  _register_lock                 
00001165  _register_unlock               
0000106f  _system_post_cinit             
000011ed  _system_pre_init               
20002010  _unlock                        
00000f95  abort                          
ffffffff  binit                          
20002218  buzzer                         
00000fe5  copy_in                        
20000000  eight                          
00000f9d  exit                           
20000400  five                           
20000800  four                           
00000000  g_pfnVectors                   
00000401  glcd_cleardisplay              
0000026d  glcd_cmd                       
000002c5  glcd_data                      
0000031d  glcd_init                      
000003bf  glcd_setcolumn                 
00000387  glcd_setpage                   
20002219  led1                           
2000221a  led2                           
2000221b  led3                           
2000221c  led4                           
00000461  main                           
20002014  main_func_sp                   
00000cd5  memcpy                         
00000df3  memset                         
20000c00  one                            
20001000  seven                          
20001400  six                            
20001800  three                          
20001c00  two                            


GLOBAL SYMBOLS: SORTED BY Symbol Address 

address   name                           
-------   ----                           
00000000  __TI_static_base__             
00000000  g_pfnVectors                   
00000200  __STACK_SIZE                   
0000026d  glcd_cmd                       
000002c5  glcd_data                      
0000031d  glcd_init                      
00000387  glcd_setpage                   
000003bf  glcd_setcolumn                 
00000401  glcd_cleardisplay              
00000461  main                           
00000aad  GPIOPadConfigSet               
00000bdf  __mpu_init                     
00000be1  SysCtlClockSet                 
00000cd5  __aeabi_memcpy                 
00000cd5  __aeabi_memcpy4                
00000cd5  __aeabi_memcpy8                
00000cd5  memcpy                         
00000d71  ADCSequenceStepConfigure       
00000deb  __aeabi_memclr                 
00000deb  __aeabi_memclr4                
00000deb  __aeabi_memclr8                
00000ded  __aeabi_memset                 
00000ded  __aeabi_memset4                
00000ded  __aeabi_memset8                
00000df3  memset                         
00000e65  __TI_auto_init                 
00000ed5  __TI_decompress_lzss           
00000f3d  _c_int00                       
00000f91  C$$EXIT                        
00000f95  abort                          
00000f9d  exit                           
00000fe5  copy_in                        
00001031  ADCSequenceConfigure           
0000106f  _system_post_cinit             
00001071  SysCtlPeripheralEnable         
000010a5  ADCIntStatus                   
000010d3  GPIODirModeSet                 
000010fd  ADCSequenceDataGet             
0000111b  ADCProcessorTrigger            
00001133  GPIOPinTypeGPIOOutput          
0000114d  _args_main                     
00001165  _register_unlock               
0000116b  _register_lock                 
00001173  _nop                           
00001179  GPIOPinTypeADC                 
0000118b  GPIOPinTypeGPIOInput           
0000119d  ADCSequenceEnable              
000011ab  __TI_decompress_none           
000011b9  __TI_zero_init                 
000011c5  ResetISR                       
000011d1  ADCIntClear                    
000011db  GPIOPinRead                    
000011e1  GPIOPinWrite                   
000011e7  SysCtlDelay                    
000011ed  _system_pre_init               
00001a44  __TI_Handler_Table_Base        
00001a50  __TI_Handler_Table_Limit       
00001a58  __TI_CINIT_Base                
00001a68  __TI_CINIT_Limit               
20000000  eight                          
20000400  five                           
20000800  four                           
20000c00  one                            
20001000  seven                          
20001400  six                            
20001800  three                          
20001c00  two                            
20002000  __TI_cleanup_ptr               
20002004  __TI_dtors_ptr                 
20002008  __TI_enable_exit_profile_output
2000200c  _lock                          
20002010  _unlock                        
20002014  main_func_sp                   
20002018  __stack                        
20002218  __STACK_END                    
20002218  __STACK_TOP                    
20002218  buzzer                         
20002219  led1                           
2000221a  led2                           
2000221b  led3                           
2000221c  led4                           
ffffffff  __TI_pprof_out_hndl            
ffffffff  __TI_prof_data_size            
ffffffff  __TI_prof_data_start           
ffffffff  __binit__                      
ffffffff  __c_args__                     
ffffffff  binit                          
UNDEFED   SHT$$INIT_ARRAY$$Base          
UNDEFED   SHT$$INIT_ARRAY$$Limit         

[89 symbols]
