******************************************************************************
                  TI ARM Linker Unix v16.9.6                   
******************************************************************************
>> Linked Fri Feb 16 16:56:12 2018

OUTPUT FILE NAME:   <Lab 5.out>
ENTRY POINT SYMBOL: "_c_int00"  address: 00000e91


MEMORY CONFIGURATION

         name            origin    length      used     unused   attr    fill
----------------------  --------  ---------  --------  --------  ----  --------
  FLASH                 00000000   00040000  00001d92  0003e26e  R  X
  SRAM                  20000000   00008000  00002258  00005da8  RW X


SEGMENT ALLOCATION MAP

run origin  load origin   length   init length attrs members
----------  ----------- ---------- ----------- ----- -------
00000000    00000000    00001d98   00001d98    r-x
  00000000    00000000    0000026c   0000026c    r-- .intvecs
  0000026c    0000026c    00000eae   00000eae    r-x .text
  0000111a    0000111a    00000400   00000400    r-- .const
  00001520    00001520    00000878   00000878    r-- .cinit
20000000    20000000    00002258   00000000    rw-
  20000000    20000000    00002020   00000000    rw- .data
  20002020    20002020    00000200   00000000    rw- .stack
  20002220    20002220    00000038   00000000    rw- .bss


SECTION ALLOCATION MAP

 output                                  attributes/
section   page    origin      length       input sections
--------  ----  ----------  ----------   ----------------
.intvecs   0    00000000    0000026c     
                  00000000    0000026c     tm4c123gh6pm_startup_ccs.obj (.intvecs)

.text      0    0000026c    00000eae     
                  0000026c    00000794     main.obj (.text)
                  00000a00    00000132     driverlib.lib : gpio.obj (.text:GPIOPadConfigSet)
                  00000b32    00000002     rtsv7M4_T_le_v4SPD16_eabi.lib : mpu_init.obj (.text)
                  00000b34    000000f4     driverlib.lib : sysctl.obj (.text:SysCtlClockSet)
                  00000c28    0000009c     rtsv7M4_T_le_v4SPD16_eabi.lib : memcpy_t2.obj (.text)
                  00000cc4    0000007a     driverlib.lib : adc.obj (.text:ADCSequenceStepConfigure)
                  00000d3e    0000007a     rtsv7M4_T_le_v4SPD16_eabi.lib : memset_t2.obj (.text)
                  00000db8    00000070                                   : autoinit.obj (.text)
                  00000e28    00000068                                   : copy_decompress_lzss.obj (.text:decompress:lzss)
                  00000e90    00000054                                   : boot.obj (.text)
                  00000ee4    00000054                                   : exit.obj (.text)
                  00000f38    0000004c                                   : cpy_tbl.obj (.text)
                  00000f84    0000003e     driverlib.lib : adc.obj (.text:ADCSequenceConfigure)
                  00000fc2    00000002     rtsv7M4_T_le_v4SPD16_eabi.lib : startup.obj (.text)
                  00000fc4    00000034     driverlib.lib : sysctl.obj (.text:SysCtlPeripheralEnable)
                  00000ff8    0000002e                   : adc.obj (.text:ADCIntStatus)
                  00001026    0000002a                   : gpio.obj (.text:GPIODirModeSet)
                  00001050    0000001e                   : adc.obj (.text:ADCSequenceDataGet)
                  0000106e    00000018                   : adc.obj (.text:ADCProcessorTrigger)
                  00001086    00000018                   : gpio.obj (.text:GPIOPinTypeGPIOOutput)
                  0000109e    00000002     --HOLE-- [fill = 0]
                  000010a0    00000018     rtsv7M4_T_le_v4SPD16_eabi.lib : args_main.obj (.text)
                  000010b8    00000014                                   : _lock.obj (.text)
                  000010cc    0000000e     driverlib.lib : adc.obj (.text:ADCSequenceEnable)
                  000010da    0000000e     rtsv7M4_T_le_v4SPD16_eabi.lib : copy_decompress_none.obj (.text:decompress:none)
                  000010e8    0000000c                                   : copy_zero_init.obj (.text:decompress:ZI)
                  000010f4    0000000c     tm4c123gh6pm_startup_ccs.obj (.text)
                  00001100    0000000a     driverlib.lib : adc.obj (.text:ADCIntClear)
                  0000110a    00000006                   : gpio.obj (.text:GPIOPinWrite)
                  00001110    00000006                   : sysctl.obj (.text:SysCtlDelay)
                  00001116    00000004     rtsv7M4_T_le_v4SPD16_eabi.lib : pre_init.obj (.text)

.const     0    0000111a    00000400     
                  0000111a    00000400     mickey.obj (.const:.string:mickey)

.cinit     0    00001520    00000878     
                  00001520    00000853     (.cinit..data.load) [load image, compression = lzss]
                  00001d73    00000001     --HOLE-- [fill = 0]
                  00001d74    0000000c     (__TI_handler_table)
                  00001d80    00000008     (.cinit..bss.load) [load image, compression = zero_init]
                  00001d88    00000010     (__TI_cinit_table)

.init_array 
*          0    00000000    00000000     UNINITIALIZED

.data      0    20000000    00002020     UNINITIALIZED
                  20000000    00000400     main.obj (.data:eight)
                  20000400    00000400     main.obj (.data:five)
                  20000800    00000400     main.obj (.data:four)
                  20000c00    00000400     main.obj (.data:one)
                  20001000    00000400     main.obj (.data:seven)
                  20001400    00000400     main.obj (.data:six)
                  20001800    00000400     main.obj (.data:three)
                  20001c00    00000400     main.obj (.data:two)
                  20002000    0000000c     rtsv7M4_T_le_v4SPD16_eabi.lib : exit.obj (.data:$O1$$)
                  2000200c    00000008                                   : _lock.obj (.data:$O1$$)
                  20002014    00000008     main.obj (.data)
                  2000201c    00000004     rtsv7M4_T_le_v4SPD16_eabi.lib : stkdepth_vars.obj (.data)

.bss       0    20002220    00000038     UNINITIALIZED
                  20002220    00000010     (.common:left_right_val)
                  20002230    00000010     (.common:up_down_val)
                  20002240    00000008     (.common:position_avg)
                  20002248    00000008     (.common:temp)
                  20002250    00000008     (.common:ui32JoyStickValue)

.stack     0    20002020    00000200     UNINITIALIZED
                  20002020    00000200     --HOLE--

MODULE SUMMARY

       Module                         code   ro data   rw data
       ------                         ----   -------   -------
    ./
       main.obj                       1940   0         8256   
       mickey.obj                     0      1024      0      
       tm4c123gh6pm_startup_ccs.obj   12     620       0      
    +--+------------------------------+------+---------+---------+
       Total:                         1952   1644      8256   
                                                              
    /home/shinjan/ti/TivaWare_C_Series-2.1.2.111/driverlib/ccs/Debug/driverlib.lib
       gpio.obj                       378    0         0      
       adc.obj                        308    0         0      
       sysctl.obj                     302    0         0      
    +--+------------------------------+------+---------+---------+
       Total:                         988    0         0      
                                                              
    /home/shinjan/ti/ccsv7/tools/compiler/ti-cgt-arm_16.9.6.LTS/lib/rtsv7M4_T_le_v4SPD16_eabi.lib
       memcpy_t2.obj                  156    0         0      
       memset_t2.obj                  122    0         0      
       autoinit.obj                   112    0         0      
       copy_decompress_lzss.obj       104    0         0      
       exit.obj                       84     0         12     
       boot.obj                       84     0         0      
       cpy_tbl.obj                    76     0         0      
       _lock.obj                      20     0         8      
       args_main.obj                  24     0         0      
       copy_decompress_none.obj       14     0         0      
       copy_zero_init.obj             12     0         0      
       pre_init.obj                   4      0         0      
       stkdepth_vars.obj              0      0         4      
       mpu_init.obj                   2      0         0      
       startup.obj                    2      0         0      
    +--+------------------------------+------+---------+---------+
       Total:                         816    0         24     
                                                              
       Stack:                         0      0         512    
       Linker Generated:              0      2167      0      
    +--+------------------------------+------+---------+---------+
       Grand Total:                   3756   3811      8792   


LINKER GENERATED COPY TABLES

__TI_cinit_table @ 00001d88 records: 2, size/record: 8, table size: 16
	.data: load addr=00001520, load size=00000853 bytes, run addr=20000000, run size=00002020 bytes, compression=lzss
	.bss: load addr=00001d80, load size=00000008 bytes, run addr=20002220, run size=00000038 bytes, compression=zero_init


LINKER GENERATED HANDLER TABLE

__TI_handler_table @ 00001d74 records: 3, size/record: 4, table size: 12
	index: 0, handler: __TI_decompress_lzss
	index: 1, handler: __TI_decompress_none
	index: 2, handler: __TI_zero_init


GLOBAL SYMBOLS: SORTED ALPHABETICALLY BY Name 

address   name                           
-------   ----                           
00001101  ADCIntClear                    
00000ff9  ADCIntStatus                   
0000106f  ADCProcessorTrigger            
00000f85  ADCSequenceConfigure           
00001051  ADCSequenceDataGet             
000010cd  ADCSequenceEnable              
00000cc5  ADCSequenceStepConfigure       
00000ee5  C$$EXIT                        
00001027  GPIODirModeSet                 
00000a01  GPIOPadConfigSet               
00001087  GPIOPinTypeGPIOOutput          
0000110b  GPIOPinWrite                   
000010f5  ResetISR                       
UNDEFED   SHT$$INIT_ARRAY$$Base          
UNDEFED   SHT$$INIT_ARRAY$$Limit         
00000b35  SysCtlClockSet                 
00001111  SysCtlDelay                    
00000fc5  SysCtlPeripheralEnable         
20002220  __STACK_END                    
00000200  __STACK_SIZE                   
20002220  __STACK_TOP                    
00001d88  __TI_CINIT_Base                
00001d98  __TI_CINIT_Limit               
00001d74  __TI_Handler_Table_Base        
00001d80  __TI_Handler_Table_Limit       
00000db9  __TI_auto_init                 
20002000  __TI_cleanup_ptr               
00000e29  __TI_decompress_lzss           
000010db  __TI_decompress_none           
20002004  __TI_dtors_ptr                 
20002008  __TI_enable_exit_profile_output
ffffffff  __TI_pprof_out_hndl            
ffffffff  __TI_prof_data_size            
ffffffff  __TI_prof_data_start           
00000000  __TI_static_base__             
000010e9  __TI_zero_init                 
00000d3f  __aeabi_memclr                 
00000d3f  __aeabi_memclr4                
00000d3f  __aeabi_memclr8                
00000c29  __aeabi_memcpy                 
00000c29  __aeabi_memcpy4                
00000c29  __aeabi_memcpy8                
00000d41  __aeabi_memset                 
00000d41  __aeabi_memset4                
00000d41  __aeabi_memset8                
ffffffff  __binit__                      
ffffffff  __c_args__                     
00000b33  __mpu_init                     
20002020  __stack                        
000010a1  _args_main                     
00000e91  _c_int00                       
2000200c  _lock                          
000010c7  _nop                           
000010bf  _register_lock                 
000010b9  _register_unlock               
00000fc3  _system_post_cinit             
00001117  _system_pre_init               
20002010  _unlock                        
00000ee9  abort                          
ffffffff  binit                          
00000f39  copy_in                        
000004dd  display_box                    
0000047d  display_image                  
20000000  eight                          
00000ef1  exit                           
20000400  five                           
20000800  four                           
00000000  g_pfnVectors                   
00000423  glcd_cleardisplay              
0000026d  glcd_cmd                       
000002c7  glcd_data                      
00000321  glcd_init                      
000003d5  glcd_setcolumn                 
00000391  glcd_setpage                   
20002220  left_right_val                 
00000971  main                           
2000201c  main_func_sp                   
00000c29  memcpy                         
00000d47  memset                         
0000111a  mickey                         
20000c00  one                            
000006b9  part1                          
000006c7  part2                          
00000899  part3                          
0000058d  pin_config                     
20002240  position_avg                   
20002014  prev_x                         
20002018  prev_y                         
000007ad  readJoystickPos                
20001000  seven                          
20001400  six                            
20002248  temp                           
20001800  three                          
20001c00  two                            
20002250  ui32JoyStickValue              
20002230  up_down_val                    


GLOBAL SYMBOLS: SORTED BY Symbol Address 

address   name                           
-------   ----                           
00000000  __TI_static_base__             
00000000  g_pfnVectors                   
00000200  __STACK_SIZE                   
0000026d  glcd_cmd                       
000002c7  glcd_data                      
00000321  glcd_init                      
00000391  glcd_setpage                   
000003d5  glcd_setcolumn                 
00000423  glcd_cleardisplay              
0000047d  display_image                  
000004dd  display_box                    
0000058d  pin_config                     
000006b9  part1                          
000006c7  part2                          
000007ad  readJoystickPos                
00000899  part3                          
00000971  main                           
00000a01  GPIOPadConfigSet               
00000b33  __mpu_init                     
00000b35  SysCtlClockSet                 
00000c29  __aeabi_memcpy                 
00000c29  __aeabi_memcpy4                
00000c29  __aeabi_memcpy8                
00000c29  memcpy                         
00000cc5  ADCSequenceStepConfigure       
00000d3f  __aeabi_memclr                 
00000d3f  __aeabi_memclr4                
00000d3f  __aeabi_memclr8                
00000d41  __aeabi_memset                 
00000d41  __aeabi_memset4                
00000d41  __aeabi_memset8                
00000d47  memset                         
00000db9  __TI_auto_init                 
00000e29  __TI_decompress_lzss           
00000e91  _c_int00                       
00000ee5  C$$EXIT                        
00000ee9  abort                          
00000ef1  exit                           
00000f39  copy_in                        
00000f85  ADCSequenceConfigure           
00000fc3  _system_post_cinit             
00000fc5  SysCtlPeripheralEnable         
00000ff9  ADCIntStatus                   
00001027  GPIODirModeSet                 
00001051  ADCSequenceDataGet             
0000106f  ADCProcessorTrigger            
00001087  GPIOPinTypeGPIOOutput          
000010a1  _args_main                     
000010b9  _register_unlock               
000010bf  _register_lock                 
000010c7  _nop                           
000010cd  ADCSequenceEnable              
000010db  __TI_decompress_none           
000010e9  __TI_zero_init                 
000010f5  ResetISR                       
00001101  ADCIntClear                    
0000110b  GPIOPinWrite                   
00001111  SysCtlDelay                    
00001117  _system_pre_init               
0000111a  mickey                         
00001d74  __TI_Handler_Table_Base        
00001d80  __TI_Handler_Table_Limit       
00001d88  __TI_CINIT_Base                
00001d98  __TI_CINIT_Limit               
20000000  eight                          
20000400  five                           
20000800  four                           
20000c00  one                            
20001000  seven                          
20001400  six                            
20001800  three                          
20001c00  two                            
20002000  __TI_cleanup_ptr               
20002004  __TI_dtors_ptr                 
20002008  __TI_enable_exit_profile_output
2000200c  _lock                          
20002010  _unlock                        
20002014  prev_x                         
20002018  prev_y                         
2000201c  main_func_sp                   
20002020  __stack                        
20002220  __STACK_END                    
20002220  __STACK_TOP                    
20002220  left_right_val                 
20002230  up_down_val                    
20002240  position_avg                   
20002248  temp                           
20002250  ui32JoyStickValue              
ffffffff  __TI_pprof_out_hndl            
ffffffff  __TI_prof_data_size            
ffffffff  __TI_prof_data_start           
ffffffff  __binit__                      
ffffffff  __c_args__                     
ffffffff  binit                          
UNDEFED   SHT$$INIT_ARRAY$$Base          
UNDEFED   SHT$$INIT_ARRAY$$Limit         

[96 symbols]
