******************************************************************************
                  TI ARM Linker Unix v16.9.6                   
******************************************************************************
>> Linked Wed Jan 24 16:16:00 2018

OUTPUT FILE NAME:   <Lab 3.out>
ENTRY POINT SYMBOL: "_c_int00"  address: 0000109d


MEMORY CONFIGURATION

         name            origin    length      used     unused   attr    fill
----------------------  --------  ---------  --------  --------  ----  --------
  FLASH                 00000000   00040000  000013f2  0003ec0e  R  X
  SRAM                  20000000   00008000  0000027c  00007d84  RW X


SEGMENT ALLOCATION MAP

run origin  load origin   length   init length attrs members
----------  ----------- ---------- ----------- ----- -------
00000000    00000000    000013f8   000013f8    r-x
  00000000    00000000    0000026c   0000026c    r-- .intvecs
  0000026c    0000026c    0000103a   0000103a    r-x .text
  000012a8    000012a8    000000dc   000000dc    r-- .const
  00001388    00001388    00000070   00000070    r-- .cinit
20000000    20000000    0000027c   00000000    rw-
  20000000    20000000    00000200   00000000    rw- .stack
  20000200    20000200    00000078   00000000    rw- .data
  20000278    20000278    00000004   00000000    rw- .bss


SECTION ALLOCATION MAP

 output                                  attributes/
section   page    origin      length       input sections
--------  ----  ----------  ----------   ----------------
.intvecs   0    00000000    0000026c     
                  00000000    0000026c     tm4c123gh6pm_startup_ccs.obj (.intvecs)

.text      0    0000026c    0000103a     
                  0000026c    00000894     color.obj (.text)
                  00000b00    000001d4     servo.obj (.text)
                  00000cd4    00000110     driverlib.lib : sysctl.obj (.text:SysCtlClockGet)
                  00000de4    0000009c     rtsv7M4_T_le_v4SPD16_eabi.lib : memcpy_t2.obj (.text)
                  00000e80    0000007a                                   : memset_t2.obj (.text)
                  00000efa    00000002                                   : mpu_init.obj (.text)
                  00000efc    00000070                                   : autoinit.obj (.text)
                  00000f6c    00000068     driverlib.lib : interrupt.obj (.text:IntEnable)
                  00000fd4    00000068     rtsv7M4_T_le_v4SPD16_eabi.lib : copy_decompress_lzss.obj (.text:decompress:lzss)
                  0000103c    00000060     driverlib.lib : timer.obj (.text:TimerConfigure)
                  0000109c    00000054     rtsv7M4_T_le_v4SPD16_eabi.lib : boot.obj (.text)
                  000010f0    00000054                                   : exit.obj (.text)
                  00001144    0000004c                                   : cpy_tbl.obj (.text)
                  00001190    00000034     driverlib.lib : sysctl.obj (.text:SysCtlPeripheralEnable)
                  000011c4    00000022                   : pwm.obj (.text:PWMGenConfigure)
                  000011e6    00000002     rtsv7M4_T_le_v4SPD16_eabi.lib : startup.obj (.text)
                  000011e8    00000018                                   : args_main.obj (.text)
                  00001200    00000014                                   : _lock.obj (.text)
                  00001214    00000012     driverlib.lib : timer.obj (.text:TimerLoadSet)
                  00001226    00000010                   : interrupt.obj (.text:IntMasterEnable)
                  00001236    00000010                   : pwm.obj (.text:PWMGenPeriodSet)
                  00001246    0000000e                   : timer.obj (.text:TimerEnable)
                  00001254    0000000e     rtsv7M4_T_le_v4SPD16_eabi.lib : copy_decompress_none.obj (.text:decompress:none)
                  00001262    0000000c     driverlib.lib : cpu.obj (.text:CPUcpsie)
                  0000126e    0000000c     rtsv7M4_T_le_v4SPD16_eabi.lib : copy_zero_init.obj (.text:decompress:ZI)
                  0000127a    0000000c     tm4c123gh6pm_startup_ccs.obj (.text)
                  00001286    0000000a     main.obj (.text)
                  00001290    00000008     driverlib.lib : timer.obj (.text:TimerIntEnable)
                  00001298    00000006                   : sysctl.obj (.text:SysCtlDelay)
                  0000129e    00000004                   : timer.obj (.text:TimerIntClear)
                  000012a2    00000004     rtsv7M4_T_le_v4SPD16_eabi.lib : pre_init.obj (.text)

.const     0    000012a8    000000dc     
                  000012a8    00000070     driverlib.lib : interrupt.obj (.const)
                  00001318    0000006c                   : sysctl.obj (.const:g_pui32Xtals)

.cinit     0    00001388    00000070     
                  00001388    00000045     (.cinit..data.load) [load image, compression = lzss]
                  000013cd    00000003     --HOLE-- [fill = 0]
                  000013d0    0000000c     (__TI_handler_table)
                  000013dc    00000004     --HOLE-- [fill = 0]
                  000013e0    00000008     (.cinit..bss.load) [load image, compression = zero_init]
                  000013e8    00000010     (__TI_cinit_table)

.init_array 
*          0    00000000    00000000     UNINITIALIZED

.data      0    20000200    00000078     UNINITIALIZED
                  20000200    00000024     color.obj (.data:sw1)
                  20000224    00000024     color.obj (.data:sw2)
                  20000248    0000000c     rtsv7M4_T_le_v4SPD16_eabi.lib : exit.obj (.data:$O1$$)
                  20000254    0000000c     color.obj (.data:ledColor)
                  20000260    00000009     color.obj (.data)
                  20000269    00000003     --HOLE--
                  2000026c    00000008     rtsv7M4_T_le_v4SPD16_eabi.lib : _lock.obj (.data:$O1$$)
                  20000274    00000004                                   : stkdepth_vars.obj (.data)

.bss       0    20000278    00000004     UNINITIALIZED
                  20000278    00000004     (.common:ui32Period)

.stack     0    20000000    00000200     UNINITIALIZED
                  20000000    00000200     --HOLE--

MODULE SUMMARY

       Module                         code   ro data   rw data
       ------                         ----   -------   -------
    ./
       color.obj                      2196   0         97     
       tm4c123gh6pm_startup_ccs.obj   12     620       0      
       servo.obj                      468    0         0      
       main.obj                       10     0         0      
    +--+------------------------------+------+---------+---------+
       Total:                         2686   620       97     
                                                              
    /home/shinjan/ti/TivaWare_C_Series-2.1.2.111/driverlib/ccs/Debug/driverlib.lib
       sysctl.obj                     330    108       0      
       interrupt.obj                  120    112       0      
       timer.obj                      140    0         0      
       pwm.obj                        50     0         0      
       cpu.obj                        12     0         0      
    +--+------------------------------+------+---------+---------+
       Total:                         652    220       0      
                                                              
    /home/shinjan/ti/ccsv7/tools/compiler/ti-cgt-arm_16.9.6.LTS/lib/rtsv7M4_T_le_v4SPD16_eabi.lib
       memcpy_t2.obj                  156    0         0      
       memset_t2.obj                  122    0         0      
       autoinit.obj                   112    0         0      
       copy_decompress_lzss.obj       104    0         0      
       exit.obj                       84     0         12     
       boot.obj                       84     0         0      
       cpy_tbl.obj                    76     0         0      
       _lock.obj                      20     0         8      
       args_main.obj                  24     0         0      
       copy_decompress_none.obj       14     0         0      
       copy_zero_init.obj             12     0         0      
       pre_init.obj                   4      0         0      
       stkdepth_vars.obj              0      0         4      
       mpu_init.obj                   2      0         0      
       startup.obj                    2      0         0      
    +--+------------------------------+------+---------+---------+
       Total:                         816    0         24     
                                                              
       Stack:                         0      0         512    
       Linker Generated:              0      105       0      
    +--+------------------------------+------+---------+---------+
       Grand Total:                   4154   945       633    


LINKER GENERATED COPY TABLES

__TI_cinit_table @ 000013e8 records: 2, size/record: 8, table size: 16
	.data: load addr=00001388, load size=00000045 bytes, run addr=20000200, run size=00000078 bytes, compression=lzss
	.bss: load addr=000013e0, load size=00000008 bytes, run addr=20000278, run size=00000004 bytes, compression=zero_init


LINKER GENERATED HANDLER TABLE

__TI_handler_table @ 000013d0 records: 3, size/record: 4, table size: 12
	index: 0, handler: __TI_decompress_lzss
	index: 1, handler: __TI_decompress_none
	index: 2, handler: __TI_zero_init


GLOBAL SYMBOLS: SORTED ALPHABETICALLY BY Name 

address   name                           
-------   ----                           
000010f1  C$$EXIT                        
00001263  CPUcpsie                       
00000f6d  IntEnable                      
00001227  IntMasterEnable                
000011c5  PWMGenConfigure                
00001237  PWMGenPeriodSet                
0000127b  ResetISR                       
UNDEFED   SHT$$INIT_ARRAY$$Base          
UNDEFED   SHT$$INIT_ARRAY$$Limit         
00000cd5  SysCtlClockGet                 
00001299  SysCtlDelay                    
00001191  SysCtlPeripheralEnable         
00000ac1  Timer0IntHandler               
0000103d  TimerConfigure                 
00001247  TimerEnable                    
0000129f  TimerIntClear                  
00001291  TimerIntEnable                 
00001215  TimerLoadSet                   
20000200  __STACK_END                    
00000200  __STACK_SIZE                   
20000200  __STACK_TOP                    
000013e8  __TI_CINIT_Base                
000013f8  __TI_CINIT_Limit               
000013d0  __TI_Handler_Table_Base        
000013dc  __TI_Handler_Table_Limit       
00000efd  __TI_auto_init                 
20000248  __TI_cleanup_ptr               
00000fd5  __TI_decompress_lzss           
00001255  __TI_decompress_none           
2000024c  __TI_dtors_ptr                 
20000250  __TI_enable_exit_profile_output
ffffffff  __TI_pprof_out_hndl            
ffffffff  __TI_prof_data_size            
ffffffff  __TI_prof_data_start           
00000000  __TI_static_base__             
0000126f  __TI_zero_init                 
00000e81  __aeabi_memclr                 
00000e81  __aeabi_memclr4                
00000e81  __aeabi_memclr8                
00000de5  __aeabi_memcpy                 
00000de5  __aeabi_memcpy4                
00000de5  __aeabi_memcpy8                
00000e83  __aeabi_memset                 
00000e83  __aeabi_memset4                
00000e83  __aeabi_memset8                
ffffffff  __binit__                      
ffffffff  __c_args__                     
00000efb  __mpu_init                     
20000000  __stack                        
000011e9  _args_main                     
0000109d  _c_int00                       
2000026c  _lock                          
0000120f  _nop                           
00001207  _register_lock                 
00001201  _register_unlock               
000011e7  _system_post_cinit             
000012a3  _system_pre_init               
20000270  _unlock                        
000010f5  abort                          
ffffffff  binit                          
000003bb  changeManualMode               
000006ad  color                          
00001145  copy_in                        
0000026d  detectKeyPress                 
000005bd  dummy                          
000010fd  exit                           
00000000  g_pfnVectors                   
20000260  i                              
20000254  ledColor                       
20000268  mMode                          
00001287  main                           
20000274  main_func_sp                   
00000de5  memcpy                         
00000e89  memset                         
20000266  opMode                         
0000064d  opModeChanged                  
000005c7  pin_config                     
20000267  prevOpMode                     
00000b01  servo                          
20000200  sw1                            
20000224  sw2                            
0000055d  switch1LongPressAction         
000003e1  switch1PressAction             
0000058d  switch2LongPressAction         
000004b5  switch2PressAction             
00000603  timer_config                   
000002bd  transition                     
20000264  transitionDelay                
20000278  ui32Period                     
20000265  ui8PinData                     


GLOBAL SYMBOLS: SORTED BY Symbol Address 

address   name                           
-------   ----                           
00000000  __TI_static_base__             
00000000  g_pfnVectors                   
00000200  __STACK_SIZE                   
0000026d  detectKeyPress                 
000002bd  transition                     
000003bb  changeManualMode               
000003e1  switch1PressAction             
000004b5  switch2PressAction             
0000055d  switch1LongPressAction         
0000058d  switch2LongPressAction         
000005bd  dummy                          
000005c7  pin_config                     
00000603  timer_config                   
0000064d  opModeChanged                  
000006ad  color                          
00000ac1  Timer0IntHandler               
00000b01  servo                          
00000cd5  SysCtlClockGet                 
00000de5  __aeabi_memcpy                 
00000de5  __aeabi_memcpy4                
00000de5  __aeabi_memcpy8                
00000de5  memcpy                         
00000e81  __aeabi_memclr                 
00000e81  __aeabi_memclr4                
00000e81  __aeabi_memclr8                
00000e83  __aeabi_memset                 
00000e83  __aeabi_memset4                
00000e83  __aeabi_memset8                
00000e89  memset                         
00000efb  __mpu_init                     
00000efd  __TI_auto_init                 
00000f6d  IntEnable                      
00000fd5  __TI_decompress_lzss           
0000103d  TimerConfigure                 
0000109d  _c_int00                       
000010f1  C$$EXIT                        
000010f5  abort                          
000010fd  exit                           
00001145  copy_in                        
00001191  SysCtlPeripheralEnable         
000011c5  PWMGenConfigure                
000011e7  _system_post_cinit             
000011e9  _args_main                     
00001201  _register_unlock               
00001207  _register_lock                 
0000120f  _nop                           
00001215  TimerLoadSet                   
00001227  IntMasterEnable                
00001237  PWMGenPeriodSet                
00001247  TimerEnable                    
00001255  __TI_decompress_none           
00001263  CPUcpsie                       
0000126f  __TI_zero_init                 
0000127b  ResetISR                       
00001287  main                           
00001291  TimerIntEnable                 
00001299  SysCtlDelay                    
0000129f  TimerIntClear                  
000012a3  _system_pre_init               
000013d0  __TI_Handler_Table_Base        
000013dc  __TI_Handler_Table_Limit       
000013e8  __TI_CINIT_Base                
000013f8  __TI_CINIT_Limit               
20000000  __stack                        
20000200  __STACK_END                    
20000200  __STACK_TOP                    
20000200  sw1                            
20000224  sw2                            
20000248  __TI_cleanup_ptr               
2000024c  __TI_dtors_ptr                 
20000250  __TI_enable_exit_profile_output
20000254  ledColor                       
20000260  i                              
20000264  transitionDelay                
20000265  ui8PinData                     
20000266  opMode                         
20000267  prevOpMode                     
20000268  mMode                          
2000026c  _lock                          
20000270  _unlock                        
20000274  main_func_sp                   
20000278  ui32Period                     
ffffffff  __TI_pprof_out_hndl            
ffffffff  __TI_prof_data_size            
ffffffff  __TI_prof_data_start           
ffffffff  __binit__                      
ffffffff  __c_args__                     
ffffffff  binit                          
UNDEFED   SHT$$INIT_ARRAY$$Base          
UNDEFED   SHT$$INIT_ARRAY$$Limit         

[90 symbols]
