******************************************************************************
                  TI ARM Linker Unix v16.9.6                   
******************************************************************************
>> Linked Sat Feb  3 12:27:20 2018

OUTPUT FILE NAME:   <Lab 5.out>
ENTRY POINT SYMBOL: "_c_int00"  address: 00000441


MEMORY CONFIGURATION

         name            origin    length      used     unused   attr    fill
----------------------  --------  ---------  --------  --------  ----  --------
  FLASH                 00000000   00040000  000005a6  0003fa5a  R  X
  SRAM                  20000000   00008000  00000218  00007de8  RW X


SEGMENT ALLOCATION MAP

run origin  load origin   length   init length attrs members
----------  ----------- ---------- ----------- ----- -------
00000000    00000000    000005ac   000005ac    r-x
  00000000    00000000    0000026c   0000026c    r-- .intvecs
  0000026c    0000026c    00000316   00000316    r-x .text
  00000588    00000588    00000024   00000024    r-- .cinit
20000000    20000000    00000218   00000000    rw-
  20000000    20000000    00000200   00000000    rw- .stack
  20000200    20000200    00000018   00000000    rw- .data


SECTION ALLOCATION MAP

 output                                  attributes/
section   page    origin      length       input sections
--------  ----  ----------  ----------   ----------------
.intvecs   0    00000000    0000026c     
                  00000000    0000026c     tm4c123gh6pm_startup_ccs.obj (.intvecs)

.text      0    0000026c    00000316     
                  0000026c    0000009c     rtsv7M4_T_le_v4SPD16_eabi.lib : memcpy_t2.obj (.text)
                  00000308    00000070                                   : autoinit.obj (.text)
                  00000378    00000068                                   : copy_decompress_lzss.obj (.text:decompress:lzss)
                  000003e0    00000060     main.obj (.text)
                  00000440    00000054     rtsv7M4_T_le_v4SPD16_eabi.lib : boot.obj (.text)
                  00000494    00000054                                   : exit.obj (.text)
                  000004e8    0000004c                                   : cpy_tbl.obj (.text)
                  00000534    00000018                                   : args_main.obj (.text)
                  0000054c    00000014                                   : _lock.obj (.text)
                  00000560    0000000e                                   : copy_decompress_none.obj (.text:decompress:none)
                  0000056e    0000000c     tm4c123gh6pm_startup_ccs.obj (.text)
                  0000057a    00000004     rtsv7M4_T_le_v4SPD16_eabi.lib : pre_init.obj (.text)
                  0000057e    00000002                                   : mpu_init.obj (.text)
                  00000580    00000002                                   : startup.obj (.text)

.cinit     0    00000588    00000024     
                  00000588    00000011     (.cinit..data.load) [load image, compression = lzss]
                  00000599    00000003     --HOLE-- [fill = 0]
                  0000059c    00000008     (__TI_handler_table)
                  000005a4    00000008     (__TI_cinit_table)

.init_array 
*          0    00000000    00000000     UNINITIALIZED

.data      0    20000200    00000018     UNINITIALIZED
                  20000200    0000000c     rtsv7M4_T_le_v4SPD16_eabi.lib : exit.obj (.data:$O1$$)
                  2000020c    00000008                                   : _lock.obj (.data:$O1$$)
                  20000214    00000004                                   : stkdepth_vars.obj (.data)

.stack     0    20000000    00000200     UNINITIALIZED
                  20000000    00000200     --HOLE--

MODULE SUMMARY

       Module                         code   ro data   rw data
       ------                         ----   -------   -------
    ./
       tm4c123gh6pm_startup_ccs.obj   12     620       0      
       main.obj                       96     0         0      
    +--+------------------------------+------+---------+---------+
       Total:                         108    620       0      
                                                              
    /home/shinjan/ti/ccsv7/tools/compiler/ti-cgt-arm_16.9.6.LTS/lib/rtsv7M4_T_le_v4SPD16_eabi.lib
       memcpy_t2.obj                  156    0         0      
       autoinit.obj                   112    0         0      
       copy_decompress_lzss.obj       104    0         0      
       exit.obj                       84     0         12     
       boot.obj                       84     0         0      
       cpy_tbl.obj                    76     0         0      
       _lock.obj                      20     0         8      
       args_main.obj                  24     0         0      
       copy_decompress_none.obj       14     0         0      
       pre_init.obj                   4      0         0      
       stkdepth_vars.obj              0      0         4      
       mpu_init.obj                   2      0         0      
       startup.obj                    2      0         0      
    +--+------------------------------+------+---------+---------+
       Total:                         682    0         24     
                                                              
       Stack:                         0      0         512    
       Linker Generated:              0      33        0      
    +--+------------------------------+------+---------+---------+
       Grand Total:                   790    653       536    


LINKER GENERATED COPY TABLES

__TI_cinit_table @ 000005a4 records: 1, size/record: 8, table size: 8
	.data: load addr=00000588, load size=00000011 bytes, run addr=20000200, run size=00000018 bytes, compression=lzss


LINKER GENERATED HANDLER TABLE

__TI_handler_table @ 0000059c records: 2, size/record: 4, table size: 8
	index: 0, handler: __TI_decompress_lzss
	index: 1, handler: __TI_decompress_none


GLOBAL SYMBOLS: SORTED ALPHABETICALLY BY Name 

address   name                           
-------   ----                           
UNDEFED   ADCSequenceConfigure           
UNDEFED   ADCSequenceEnable              
UNDEFED   ADCSequenceStepConfigure       
00000495  C$$EXIT                        
0000056f  ResetISR                       
UNDEFED   SHT$$INIT_ARRAY$$Base          
UNDEFED   SHT$$INIT_ARRAY$$Limit         
UNDEFED   SysCtlClockSet                 
UNDEFED   SysCtlPeripheralEnable         
20000200  __STACK_END                    
00000200  __STACK_SIZE                   
20000200  __STACK_TOP                    
000005a4  __TI_CINIT_Base                
000005ac  __TI_CINIT_Limit               
0000059c  __TI_Handler_Table_Base        
000005a4  __TI_Handler_Table_Limit       
00000309  __TI_auto_init                 
20000200  __TI_cleanup_ptr               
00000379  __TI_decompress_lzss           
00000561  __TI_decompress_none           
20000204  __TI_dtors_ptr                 
20000208  __TI_enable_exit_profile_output
ffffffff  __TI_pprof_out_hndl            
ffffffff  __TI_prof_data_size            
ffffffff  __TI_prof_data_start           
00000000  __TI_static_base__             
0000026d  __aeabi_memcpy                 
0000026d  __aeabi_memcpy4                
0000026d  __aeabi_memcpy8                
ffffffff  __binit__                      
ffffffff  __c_args__                     
0000057f  __mpu_init                     
20000000  __stack                        
00000535  _args_main                     
00000441  _c_int00                       
2000020c  _lock                          
0000055b  _nop                           
00000553  _register_lock                 
0000054d  _register_unlock               
00000581  _system_post_cinit             
0000057b  _system_pre_init               
20000210  _unlock                        
00000499  abort                          
ffffffff  binit                          
000004e9  copy_in                        
000004a1  exit                           
00000000  g_pfnVectors                   
000003e1  main                           
20000214  main_func_sp                   
0000026d  memcpy                         


GLOBAL SYMBOLS: SORTED BY Symbol Address 

address   name                           
-------   ----                           
00000000  __TI_static_base__             
00000000  g_pfnVectors                   
00000200  __STACK_SIZE                   
0000026d  __aeabi_memcpy                 
0000026d  __aeabi_memcpy4                
0000026d  __aeabi_memcpy8                
0000026d  memcpy                         
00000309  __TI_auto_init                 
00000379  __TI_decompress_lzss           
000003e1  main                           
00000441  _c_int00                       
00000495  C$$EXIT                        
00000499  abort                          
000004a1  exit                           
000004e9  copy_in                        
00000535  _args_main                     
0000054d  _register_unlock               
00000553  _register_lock                 
0000055b  _nop                           
00000561  __TI_decompress_none           
0000056f  ResetISR                       
0000057b  _system_pre_init               
0000057f  __mpu_init                     
00000581  _system_post_cinit             
0000059c  __TI_Handler_Table_Base        
000005a4  __TI_CINIT_Base                
000005a4  __TI_Handler_Table_Limit       
000005ac  __TI_CINIT_Limit               
20000000  __stack                        
20000200  __STACK_END                    
20000200  __STACK_TOP                    
20000200  __TI_cleanup_ptr               
20000204  __TI_dtors_ptr                 
20000208  __TI_enable_exit_profile_output
2000020c  _lock                          
20000210  _unlock                        
20000214  main_func_sp                   
ffffffff  __TI_pprof_out_hndl            
ffffffff  __TI_prof_data_size            
ffffffff  __TI_prof_data_start           
ffffffff  __binit__                      
ffffffff  __c_args__                     
ffffffff  binit                          
UNDEFED   ADCSequenceConfigure           
UNDEFED   ADCSequenceEnable              
UNDEFED   ADCSequenceStepConfigure       
UNDEFED   SHT$$INIT_ARRAY$$Base          
UNDEFED   SHT$$INIT_ARRAY$$Limit         
UNDEFED   SysCtlClockSet                 
UNDEFED   SysCtlPeripheralEnable         

[50 symbols]
