******************************************************************************
                  TI ARM Linker Unix v16.9.6                   
******************************************************************************
>> Linked Wed Jan 17 16:15:30 2018

OUTPUT FILE NAME:   <Lab1.out>
ENTRY POINT SYMBOL: "_c_int00"  address: 000008b1


MEMORY CONFIGURATION

         name            origin    length      used     unused   attr    fill
----------------------  --------  ---------  --------  --------  ----  --------
  FLASH                 00000000   00040000  00000aae  0003f552  R  X
  SRAM                  20000000   00008000  00000220  00007de0  RW X


SEGMENT ALLOCATION MAP

run origin  load origin   length   init length attrs members
----------  ----------- ---------- ----------- ----- -------
00000000    00000000    00000ab4   00000ab4    r-x
  00000000    00000000    0000026c   0000026c    r-- .intvecs
  0000026c    0000026c    0000081e   0000081e    r-x .text
  00000a90    00000a90    00000024   00000024    r-- .cinit
20000000    20000000    00000220   00000000    rw-
  20000000    20000000    00000200   00000000    rw- .stack
  20000200    20000200    00000020   00000000    rw- .data


SECTION ALLOCATION MAP

 output                                  attributes/
section   page    origin      length       input sections
--------  ----  ----------  ----------   ----------------
.intvecs   0    00000000    0000026c     
                  00000000    0000026c     tm4c123gh6pm_startup_ccs.obj (.intvecs)

.text      0    0000026c    0000081e     
                  0000026c    000002a8     main.obj (.text)
                  00000514    00000132     driverlib.lib : gpio.obj (.text:GPIOPadConfigSet)
                  00000646    00000002     rtsv7M4_T_le_v4SPD16_eabi.lib : mpu_init.obj (.text)
                  00000648    000000f4     driverlib.lib : sysctl.obj (.text:SysCtlClockSet)
                  0000073c    0000009c     rtsv7M4_T_le_v4SPD16_eabi.lib : memcpy_t2.obj (.text)
                  000007d8    00000070                                   : autoinit.obj (.text)
                  00000848    00000068                                   : copy_decompress_lzss.obj (.text:decompress:lzss)
                  000008b0    00000054                                   : boot.obj (.text)
                  00000904    00000054                                   : exit.obj (.text)
                  00000958    0000004c                                   : cpy_tbl.obj (.text)
                  000009a4    00000034     driverlib.lib : sysctl.obj (.text:SysCtlPeripheralEnable)
                  000009d8    0000002a                   : gpio.obj (.text:GPIODirModeSet)
                  00000a02    00000018                   : gpio.obj (.text:GPIOPinTypeGPIOOutput)
                  00000a1a    00000002     rtsv7M4_T_le_v4SPD16_eabi.lib : startup.obj (.text)
                  00000a1c    00000018                                   : args_main.obj (.text)
                  00000a34    00000014                                   : _lock.obj (.text)
                  00000a48    00000012     driverlib.lib : gpio.obj (.text:GPIOPinTypeGPIOInput)
                  00000a5a    0000000e     rtsv7M4_T_le_v4SPD16_eabi.lib : copy_decompress_none.obj (.text:decompress:none)
                  00000a68    0000000c     tm4c123gh6pm_startup_ccs.obj (.text)
                  00000a74    00000006     driverlib.lib : gpio.obj (.text:GPIOPinRead)
                  00000a7a    00000006                   : gpio.obj (.text:GPIOPinWrite)
                  00000a80    00000006                   : sysctl.obj (.text:SysCtlDelay)
                  00000a86    00000004     rtsv7M4_T_le_v4SPD16_eabi.lib : pre_init.obj (.text)

.cinit     0    00000a90    00000024     
                  00000a90    00000014     (.cinit..data.load) [load image, compression = lzss]
                  00000aa4    00000008     (__TI_handler_table)
                  00000aac    00000008     (__TI_cinit_table)

.init_array 
*          0    00000000    00000000     UNINITIALIZED

.data      0    20000200    00000020     UNINITIALIZED
                  20000200    0000000c     rtsv7M4_T_le_v4SPD16_eabi.lib : exit.obj (.data:$O1$$)
                  2000020c    00000008                                   : _lock.obj (.data:$O1$$)
                  20000214    00000008     main.obj (.data)
                  2000021c    00000004     rtsv7M4_T_le_v4SPD16_eabi.lib : stkdepth_vars.obj (.data)

.stack     0    20000000    00000200     UNINITIALIZED
                  20000000    00000200     --HOLE--

MODULE SUMMARY

       Module                         code   ro data   rw data
       ------                         ----   -------   -------
    ./
       main.obj                       680    0         8      
       tm4c123gh6pm_startup_ccs.obj   12     620       0      
    +--+------------------------------+------+---------+---------+
       Total:                         692    620       8      
                                                              
    /home/shinjan/ti/TivaWare_C_Series-2.1.2.111/driverlib/ccs/Debug/driverlib.lib
       gpio.obj                       402    0         0      
       sysctl.obj                     302    0         0      
    +--+------------------------------+------+---------+---------+
       Total:                         704    0         0      
                                                              
    /home/shinjan/ti/ccsv7/tools/compiler/ti-cgt-arm_16.9.6.LTS/lib/rtsv7M4_T_le_v4SPD16_eabi.lib
       memcpy_t2.obj                  156    0         0      
       autoinit.obj                   112    0         0      
       copy_decompress_lzss.obj       104    0         0      
       exit.obj                       84     0         12     
       boot.obj                       84     0         0      
       cpy_tbl.obj                    76     0         0      
       _lock.obj                      20     0         8      
       args_main.obj                  24     0         0      
       copy_decompress_none.obj       14     0         0      
       pre_init.obj                   4      0         0      
       stkdepth_vars.obj              0      0         4      
       mpu_init.obj                   2      0         0      
       startup.obj                    2      0         0      
    +--+------------------------------+------+---------+---------+
       Total:                         682    0         24     
                                                              
       Stack:                         0      0         512    
       Linker Generated:              0      36        0      
    +--+------------------------------+------+---------+---------+
       Grand Total:                   2078   656       544    


LINKER GENERATED COPY TABLES

__TI_cinit_table @ 00000aac records: 1, size/record: 8, table size: 8
	.data: load addr=00000a90, load size=00000014 bytes, run addr=20000200, run size=00000020 bytes, compression=lzss


LINKER GENERATED HANDLER TABLE

__TI_handler_table @ 00000aa4 records: 2, size/record: 4, table size: 8
	index: 0, handler: __TI_decompress_lzss
	index: 1, handler: __TI_decompress_none


GLOBAL SYMBOLS: SORTED ALPHABETICALLY BY Name 

address   name                           
-------   ----                           
00000905  C$$EXIT                        
000009d9  GPIODirModeSet                 
00000515  GPIOPadConfigSet               
00000a75  GPIOPinRead                    
00000a49  GPIOPinTypeGPIOInput           
00000a03  GPIOPinTypeGPIOOutput          
00000a7b  GPIOPinWrite                   
2000021b  LEDON                          
00000a69  ResetISR                       
UNDEFED   SHT$$INIT_ARRAY$$Base          
UNDEFED   SHT$$INIT_ARRAY$$Limit         
20000215  SW1Activation                  
20000216  SW1PreviousActivation          
20000218  SW2Activation                  
20000219  SW2PreviousActivation          
2000021a  SW2Status                      
00000649  SysCtlClockSet                 
00000a81  SysCtlDelay                    
000009a5  SysCtlPeripheralEnable         
20000200  __STACK_END                    
00000200  __STACK_SIZE                   
20000200  __STACK_TOP                    
00000aac  __TI_CINIT_Base                
00000ab4  __TI_CINIT_Limit               
00000aa4  __TI_Handler_Table_Base        
00000aac  __TI_Handler_Table_Limit       
000007d9  __TI_auto_init                 
20000200  __TI_cleanup_ptr               
00000849  __TI_decompress_lzss           
00000a5b  __TI_decompress_none           
20000204  __TI_dtors_ptr                 
20000208  __TI_enable_exit_profile_output
ffffffff  __TI_pprof_out_hndl            
ffffffff  __TI_prof_data_size            
ffffffff  __TI_prof_data_start           
00000000  __TI_static_base__             
0000073d  __aeabi_memcpy                 
0000073d  __aeabi_memcpy4                
0000073d  __aeabi_memcpy8                
ffffffff  __binit__                      
ffffffff  __c_args__                     
00000647  __mpu_init                     
20000000  __stack                        
00000a1d  _args_main                     
000008b1  _c_int00                       
2000020c  _lock                          
00000a43  _nop                           
00000a3b  _register_lock                 
00000a35  _register_unlock               
00000a1b  _system_post_cinit             
00000a87  _system_pre_init               
20000210  _unlock                        
00000909  abort                          
ffffffff  binit                          
00000959  copy_in                        
00000911  exit                           
00000000  g_pfnVectors                   
000004cd  main                           
2000021c  main_func_sp                   
0000073d  memcpy                         
000002f9  part_1                         
00000379  part_2                         
000003c3  part_3                         
0000027d  pin_config_part_1              
0000029d  pin_config_part_2              
000002c7  pin_config_part_3              
0000026d  setup                          
20000217  toggleDelayFactor              
20000214  ui8PinData                     


GLOBAL SYMBOLS: SORTED BY Symbol Address 

address   name                           
-------   ----                           
00000000  __TI_static_base__             
00000000  g_pfnVectors                   
00000200  __STACK_SIZE                   
0000026d  setup                          
0000027d  pin_config_part_1              
0000029d  pin_config_part_2              
000002c7  pin_config_part_3              
000002f9  part_1                         
00000379  part_2                         
000003c3  part_3                         
000004cd  main                           
00000515  GPIOPadConfigSet               
00000647  __mpu_init                     
00000649  SysCtlClockSet                 
0000073d  __aeabi_memcpy                 
0000073d  __aeabi_memcpy4                
0000073d  __aeabi_memcpy8                
0000073d  memcpy                         
000007d9  __TI_auto_init                 
00000849  __TI_decompress_lzss           
000008b1  _c_int00                       
00000905  C$$EXIT                        
00000909  abort                          
00000911  exit                           
00000959  copy_in                        
000009a5  SysCtlPeripheralEnable         
000009d9  GPIODirModeSet                 
00000a03  GPIOPinTypeGPIOOutput          
00000a1b  _system_post_cinit             
00000a1d  _args_main                     
00000a35  _register_unlock               
00000a3b  _register_lock                 
00000a43  _nop                           
00000a49  GPIOPinTypeGPIOInput           
00000a5b  __TI_decompress_none           
00000a69  ResetISR                       
00000a75  GPIOPinRead                    
00000a7b  GPIOPinWrite                   
00000a81  SysCtlDelay                    
00000a87  _system_pre_init               
00000aa4  __TI_Handler_Table_Base        
00000aac  __TI_CINIT_Base                
00000aac  __TI_Handler_Table_Limit       
00000ab4  __TI_CINIT_Limit               
20000000  __stack                        
20000200  __STACK_END                    
20000200  __STACK_TOP                    
20000200  __TI_cleanup_ptr               
20000204  __TI_dtors_ptr                 
20000208  __TI_enable_exit_profile_output
2000020c  _lock                          
20000210  _unlock                        
20000214  ui8PinData                     
20000215  SW1Activation                  
20000216  SW1PreviousActivation          
20000217  toggleDelayFactor              
20000218  SW2Activation                  
20000219  SW2PreviousActivation          
2000021a  SW2Status                      
2000021b  LEDON                          
2000021c  main_func_sp                   
ffffffff  __TI_pprof_out_hndl            
ffffffff  __TI_prof_data_size            
ffffffff  __TI_prof_data_start           
ffffffff  __binit__                      
ffffffff  __c_args__                     
ffffffff  binit                          
UNDEFED   SHT$$INIT_ARRAY$$Base          
UNDEFED   SHT$$INIT_ARRAY$$Limit         

[69 symbols]
